Microsoft (R) Macro Assembler Version 14.32.31342.0	    02/25/26 20:52:59
G3P							     Page 1 - 1


				; Program 2: RPN Calculator Program
				; Course: Assembly (CMSC 3100)
				; Group: 3
				; Members:
				; 	Shawn Gallagher - GAL82896@pennwest.edu
				; 	Lucas Giovannelli - GIO07221@pennwest.edu

				TITLE G3P2
				INCLUDE Irvine32.inc
			      C ; Include file for Irvine32.lib             (Irvine32.inc)
			      C 
			      C ;OPTION CASEMAP:NONE		; optional: make identifiers case-sensitive
			      C 
			      C INCLUDE SmallWin.inc		; MS-Windows prototypes, structures, and constants
			      C .NOLIST
			      C .LIST
			      C 
			      C INCLUDE VirtualKeys.inc
			      C ; VirtualKeys.inc
			      C .NOLIST
			      C .LIST
			      C 
			      C 
			      C .NOLIST
			      C .LIST
			      C 

 = 00000008			stackSize equ 8

 00000000			.data
 00000000  00000008 [		numStack SDWORD stackSize DUP(0)
	    00000000
	   ]
 00000020 00000000		stackCount DWORD 0

 00000024 45 6E 74 65 72	prompt BYTE "Enter number or operation (+,-,*,/,X,N,U,D,V,C,Q): ", 0
	   20 6E 75 6D 62
	   65 72 20 6F 72
	   20 6F 70 65 72
	   61 74 69 6F 6E
	   20 28 2B 2C 2D
	   2C 2A 2C 2F 2C
	   58 2C 4E 2C 55
	   2C 44 2C 56 2C
	   43 2C 51 29 3A
	   20 00
 00000058 53 74 61 63 6B	errFull BYTE "Stack is full!", 0
	   20 69 73 20 66
	   75 6C 6C 21 00
 00000067 53 74 61 63 6B	errEmpty BYTE "Stack is empty!", 0
	   20 69 73 20 65
	   6D 70 74 79 21
	   00
 00000077 4E 65 65 64 20	errTwo BYTE "Need at least two values!", 0
	   61 74 20 6C 65
	   61 73 74 20 74
	   77 6F 20 76 61
	   6C 75 65 73 21
	   00
 00000091 0D 0A 00		newline BYTE 0Dh, 0Ah, 0

 00000000			.code
 00000000			main PROC

 00000000			MainLoop:
 00000000  BA 00000024 R	    mov edx, OFFSET prompt
 00000005  E8 00000000 E	    call WriteString
 0000000A  E8 00000000 E	    call ReadString ; read input
 0000000F  8B F2		    mov esi, edx ; pointer to input buffer

 00000011  8A 06		    mov al, [esi]
 00000013  3C 51		    cmp al, 'Q'
 00000015  0F 84 000000A4	    je QuitProgram

 0000001B  3C 2B		    cmp al, '+'
 0000001D  74 2B		    je DoAdd
 0000001F  3C 2D		    cmp al, '-'
 00000021  74 2E		    je DoSub
 00000023  3C 2A		    cmp al, '*'
 00000025  74 31		    je DoMul
 00000027  3C 2F		    cmp al, '/'
 00000029  74 34		    je DoDiv
 0000002B  3C 58		    cmp al, 'X'
 0000002D  74 37		    je DoExchange
 0000002F  3C 4E		    cmp al, 'N'
 00000031  74 3A		    je DoNegate
 00000033  3C 55		    cmp al, 'U'
 00000035  74 3D		    je DoRollUp
 00000037  3C 44		    cmp al, 'D'
 00000039  74 40		    je DoRollDown
 0000003B  3C 56		    cmp al, 'V'
 0000003D  74 43		    je DoView
 0000003F  3C 43		    cmp al, 'C'
 00000041  74 49		    je DoClear

				; otherwise treat as number
 00000043  E8 0000007E		    call PushNumber
 00000048  EB B6		    jmp MainLoop

 0000004A			DoAdd:
 0000004A  E8 000000A9		    call AddProc
 0000004F  EB 45		    jmp ShowTop
 00000051			DoSub:
 00000051  E8 000000BC		    call SubProc
 00000056  EB 3E		    jmp ShowTop
 00000058			DoMul:
 00000058  E8 000000D1		    call MulProc
 0000005D  EB 37		    jmp ShowTop
 0000005F			DoDiv:
 0000005F  E8 000000E5		    call DivProc
 00000064  EB 30		    jmp ShowTop
 00000066			DoExchange:
 00000066  E8 00000101		    call ExchangeProc
 0000006B  EB 29		    jmp ShowTop
 0000006D			DoNegate:
 0000006D  E8 0000012C		    call NegateProc
 00000072  EB 22		    jmp ShowTop
 00000074			DoRollUp:
 00000074  E8 00000140		    call RollUpProc
 00000079  EB 1B		    jmp ShowTop
 0000007B			DoRollDown:
 0000007B  E8 0000016E		    call RollDownProc
 00000080  EB 14		    jmp ShowTop
 00000082			DoView:
 00000082  E8 000001A7		    call ViewProc
 00000087  E9 FFFFFF74		    jmp MainLoop
 0000008C			DoClear:
 0000008C  E8 000001C6		    call ClearProc
 00000091  E9 FFFFFF6A		    jmp MainLoop

 00000096			ShowTop:
 00000096  83 3D 00000020 R	    cmp stackCount, 0
	   00
 0000009D  0F 84 FFFFFF5D	    je MainLoop
 000000A3  A1 00000020 R	    mov eax, stackCount
 000000A8  48			    dec eax
 000000A9  8B 04 85		    mov eax, numStack[eax * 4]
	   00000000 R
 000000B0  E8 00000000 E	    call WriteInt
 000000B5  E8 00000000 E	    call Crlf
 000000BA  E9 FFFFFF41		    jmp MainLoop

 000000BF			QuitProgram:
				    exit
 000000BF  6A 00	   *	    push   +000000000h
 000000C1  E8 00000000 E   *	    call   ExitProcess

 000000C6			main ENDP

 000000C6			PushNumber PROC
 000000C6  83 3D 00000020 R	    cmp stackCount, stackSize
	   08
 000000CD  73 19		    jae FullError

 000000CF  E8 000001C5		    call ParseInteger
 000000D4  8B 1D 00000020 R	    mov ebx, stackCount
 000000DA  89 04 9D		    mov numStack[ebx * 4], eax
	   00000000 R
 000000E1  FF 05 00000020 R	    inc stackCount
 000000E7  C3			    ret

 000000E8			FullError:
 000000E8  BA 00000058 R	    mov edx, OFFSET errFull
 000000ED  E8 00000000 E	    call WriteString
 000000F2  E8 00000000 E	    call Crlf
 000000F7  C3			    ret
 000000F8			PushNumber ENDP

 000000F8			AddProc PROC
 000000F8  83 3D 00000020 R	    cmp stackCount, 2
	   02
 000000FF  0F 82 0000019A	    jb TwoError
 00000105  E8 00000158		    call PopTwo
 0000010A  03 C3		    add eax, ebx
 0000010C  E8 00000174		    call PushResult
 00000111  C3			    ret
 00000112			AddProc ENDP

 00000112			SubProc PROC
 00000112  83 3D 00000020 R	    cmp stackCount, 2
	   02
 00000119  0F 82 00000180	    jb TwoError
 0000011F  E8 0000013E		    call PopTwo
 00000124  2B D8		    sub ebx, eax
 00000126  8B C3		    mov eax, ebx
 00000128  E8 00000158		    call PushResult
 0000012D  C3			    ret
 0000012E			SubProc ENDP

 0000012E			MulProc PROC
 0000012E  83 3D 00000020 R	    cmp stackCount, 2
	   02
 00000135  0F 82 00000164	    jb TwoError
 0000013B  E8 00000122		    call PopTwo
 00000140  0F AF C3		    imul eax, ebx
 00000143  E8 0000013D		    call PushResult
 00000148  C3			    ret
 00000149			MulProc ENDP

 00000149			DivProc PROC
 00000149  83 3D 00000020 R	    cmp stackCount, 2
	   02
 00000150  0F 82 00000149	    jb TwoError
 00000156  E8 00000107		    call PopTwo
 0000015B  BA 00000000		    mov edx, 0
 00000160  8B C8		    mov ecx, eax
 00000162  8B C3		    mov eax, ebx
 00000164  F7 F9		    idiv ecx
 00000166  E8 0000011A		    call PushResult
 0000016B  C3			    ret
 0000016C			DivProc ENDP

 0000016C			ExchangeProc PROC
 0000016C  83 3D 00000020 R	    cmp stackCount, 2
	   02
 00000173  0F 82 00000126	    jb TwoError
 00000179  A1 00000020 R	    mov eax, stackCount
 0000017E  48			    dec eax
 0000017F  8B 1C 85		    mov ebx, numStack[eax * 4]
	   00000000 R
 00000186  48			    dec eax
 00000187  8B 0C 85		    mov ecx, numStack[eax * 4]
	   00000000 R
 0000018E  89 1C 85		    mov numStack[eax * 4], ebx
	   00000000 R
 00000195  40			    inc eax
 00000196  89 0C 85		    mov numStack[eax * 4], ecx
	   00000000 R
 0000019D  C3			    ret
 0000019E			ExchangeProc ENDP

 0000019E			NegateProc PROC
 0000019E  83 3D 00000020 R	    cmp stackCount,1
	   01
 000001A5  0F 82 00000104	    jb EmptyError
 000001AB  A1 00000020 R	    mov eax, stackCount
 000001B0  48			    dec eax
 000001B1  F7 1C 85		    neg numStack[eax * 4]
	   00000000 R
 000001B8  C3			    ret
 000001B9			NegateProc ENDP

 000001B9			RollUpProc PROC
 000001B9  83 3D 00000020 R	    cmp stackCount,1
	   01
 000001C0  0F 86 000000E9	    jbe EmptyError
 000001C6  8B 0D 00000020 R	    mov ecx, stackCount
 000001CC  49			    dec ecx
 000001CD  8B 04 8D		    mov eax, numStack[ecx * 4] ; save top
	   00000000 R

 000001D4			RollUpLoop:
				    mov ebx, numStack[(ecx - 1) * 4]
G3P2.asm(195) : error A2026:constant expected
 000001D4  89 1C 8D		    mov numStack[ecx * 4], ebx
	   00000000 R
 000001DB  E2 F7		    loop RollUpLoop

 000001DD  A3 00000000 R	    mov numStack[0], eax
 000001E2  C3			    ret
 000001E3			RollUpProc ENDP

 000001E3			RollDownProc PROC
 000001E3  83 3D 00000020 R	    cmp stackCount,1
	   01
 000001EA  0F 86 000000BF	    jbe EmptyError
 000001F0  A1 00000000 R	    mov eax, numStack[0] ; save bottom
 000001F5  B9 00000000		    mov ecx,0

 00000205			RollDownLoop:
 00000205  3B 0D 0000001F R	    cmp ecx, stackCount - 1
 0000020B  7D 15		    jge DoneRollDown
				    mov ebx, numStack[(ecx + 1) * 4]
G3P2.asm(212) : error A2026:constant expected
 0000020D  89 1C 8D		    mov numStack[ecx * 4], ebx
	   00000000 R
 00000214  41			    inc ecx
 00000215  EB EE		    jmp RollDownLoop

 00000222			DoneRollDown:
				    mov numStack[(stackCount - 1) * 4], eax
G3P2.asm(218) : error A2026:constant expected
 00000222  C3			    ret
 00000223			RollDownProc ENDP

 00000223			ViewProc PROC
 00000223  83 3D 00000020 R	    cmp stackCount,0
	   00
 0000022A  74 00		    je EmptyError
 0000022C  8B 0D 00000020 R	    mov ecx, stackCount
 00000232  BE 00000000		    mov esi,0
 00000242			ViewLoop:
 00000242  8B 04 B5		    mov eax, numStack[esi * 4]
	   00000000 R
 00000249  E8 00000000 E	    call WriteInt
 0000024E  E8 00000000 E	    call Crlf
 00000253  46			    inc esi
 00000254  E2 EC		    loop ViewLoop
 00000256  C3			    ret
 00000257			ViewProc ENDP

 00000257			ClearProc PROC
 00000257  C7 05 00000020 R	    mov stackCount,0
	   00000000
 00000261  C3			    ret
 00000262			ClearProc ENDP

 00000262			PopTwo PROC
 00000262  FF 0D 00000020 R	    dec stackCount
				    mov eax, numStack[stackCount * 4]
G3P2.asm(243) : error A2026:constant expected
 00000268  FF 0D 00000020 R	    dec stackCount
				    mov ebx, numStack[stackCount * 4]
G3P2.asm(245) : error A2026:constant expected
 0000026E  C3			    ret
 0000026F			PopTwo ENDP

 0000026F			PushResult PROC
 0000026F  8B 1D 00000020 R	    mov ebx, stackCount
 00000275  89 04 9D		    mov numStack[ebx * 4], eax
	   00000000 R
 0000027C  FF 05 00000020 R	    inc stackCount
 00000282  C3			    ret
 00000283			PushResult ENDP

 00000283			ParseInteger PROC
 00000283  E8 00000000 E	    call ReadInt
 00000288  C3			    ret
 00000289			ParseInteger ENDP

 0000029F			TwoError:
 0000029F  BA 00000077 R	    mov edx, OFFSET errTwo
 000002A4  E8 00000000 E	    call WriteString
 000002A9  E8 00000000 E	    call Crlf
 000002AE  C3			    ret

 000002AF			EmptyError:
 000002AF  BA 00000067 R	    mov edx, OFFSET errEmpty
 000002B4  E8 00000000 E	    call WriteString
 000002B9  E8 00000000 E	    call Crlf
 000002BE  C3			    ret

				END main
Microsoft (R) Macro Assembler Version 14.32.31342.0	    02/25/26 20:52:59
G3P							     Symbols 2 - 1




Structures and Unions:

                N a m e                  Size
                                         Offset      Type

CONSOLE_CURSOR_INFO  . . . . . .	 00000008
  dwSize . . . . . . . . . . . .	 00000000	 DWord
  bVisible . . . . . . . . . . .	 00000004	 DWord
CONSOLE_SCREEN_BUFFER_INFO . . .	 00000016
  dwSize . . . . . . . . . . . .	 00000000	 DWord
  dwCursorPosition . . . . . . .	 00000004	 DWord
  wAttributes  . . . . . . . . .	 00000008	 Word
  srWindow . . . . . . . . . . .	 0000000A	 QWord
  dwMaximumWindowSize  . . . . .	 00000012	 DWord
COORD  . . . . . . . . . . . . .	 00000004
  X  . . . . . . . . . . . . . .	 00000000	 Word
  Y  . . . . . . . . . . . . . .	 00000002	 Word
FILETIME . . . . . . . . . . . .	 00000008
  loDateTime . . . . . . . . . .	 00000000	 DWord
  hiDateTime . . . . . . . . . .	 00000004	 DWord
FOCUS_EVENT_RECORD . . . . . . .	 00000004
  bSetFocus  . . . . . . . . . .	 00000000	 DWord
FPU_ENVIRON  . . . . . . . . . .	 0000001C
  controlWord  . . . . . . . . .	 00000000	 Word
  statusWord . . . . . . . . . .	 00000004	 Word
  tagWord  . . . . . . . . . . .	 00000008	 Word
  instrPointerOffset . . . . . .	 0000000C	 DWord
  instrPointerSelector . . . . .	 00000010	 DWord
  operandPointerOffset . . . . .	 00000014	 DWord
  operandPointerSelector . . . .	 00000018	 Word
INPUT_RECORD . . . . . . . . . .	 00000014
  EventType  . . . . . . . . . .	 00000000	 Word
  Event  . . . . . . . . . . . .	 00000004	 XmmWord
  bKeyDown . . . . . . . . . . .	 00000000	 DWord
  wRepeatCount . . . . . . . . .	 00000004	 Word
  wVirtualKeyCode  . . . . . . .	 00000006	 Word
  wVirtualScanCode . . . . . . .	 00000008	 Word
  uChar  . . . . . . . . . . . .	 0000000A	 Word
  UnicodeChar  . . . . . . . . .	 00000000	 Word
  AsciiChar  . . . . . . . . . .	 00000000	 Byte
  dwControlKeyState  . . . . . .	 0000000C	 DWord
  dwMousePosition  . . . . . . .	 00000000	 DWord
  dwButtonState  . . . . . . . .	 00000004	 DWord
  dwMouseControlKeyState . . . .	 00000008	 DWord
  dwEventFlags . . . . . . . . .	 0000000C	 DWord
  dwSize . . . . . . . . . . . .	 00000000	 DWord
  dwCommandId  . . . . . . . . .	 00000000	 DWord
  bSetFocus  . . . . . . . . . .	 00000000	 DWord
KEY_EVENT_RECORD . . . . . . . .	 00000010
  bKeyDown . . . . . . . . . . .	 00000000	 DWord
  wRepeatCount . . . . . . . . .	 00000004	 Word
  wVirtualKeyCode  . . . . . . .	 00000006	 Word
  wVirtualScanCode . . . . . . .	 00000008	 Word
  uChar  . . . . . . . . . . . .	 0000000A	 Word
  UnicodeChar  . . . . . . . . .	 00000000	 Word
  AsciiChar  . . . . . . . . . .	 00000000	 Byte
  dwControlKeyState  . . . . . .	 0000000C	 DWord
MENU_EVENT_RECORD  . . . . . . .	 00000004
  dwCommandId  . . . . . . . . .	 00000000	 DWord
MOUSE_EVENT_RECORD . . . . . . .	 00000010
  dwMousePosition  . . . . . . .	 00000000	 DWord
  dwButtonState  . . . . . . . .	 00000004	 DWord
  dwMouseControlKeyState . . . .	 00000008	 DWord
  dwEventFlags . . . . . . . . .	 0000000C	 DWord
SMALL_RECT . . . . . . . . . . .	 00000008
  Left . . . . . . . . . . . . .	 00000000	 Word
  Top  . . . . . . . . . . . . .	 00000002	 Word
  Right  . . . . . . . . . . . .	 00000004	 Word
  Bottom . . . . . . . . . . . .	 00000006	 Word
SYSTEMTIME . . . . . . . . . . .	 00000010
  wYear  . . . . . . . . . . . .	 00000000	 Word
  wMonth . . . . . . . . . . . .	 00000002	 Word
  wDayOfWeek . . . . . . . . . .	 00000004	 Word
  wDay . . . . . . . . . . . . .	 00000006	 Word
  wHour  . . . . . . . . . . . .	 00000008	 Word
  wMinute  . . . . . . . . . . .	 0000000A	 Word
  wSecond  . . . . . . . . . . .	 0000000C	 Word
  wMilliseconds  . . . . . . . .	 0000000E	 Word
WINDOW_BUFFER_SIZE_RECORD  . . .	 00000004
  dwSize . . . . . . . . . . . .	 00000000	 DWord


Segments and Groups:

                N a m e                 Size     Length   Align   Combine Class

FLAT . . . . . . . . . . . . . .	GROUP
STACK  . . . . . . . . . . . . .	32 Bit	 00001000 Para	  Stack	  'STACK'	 
_DATA  . . . . . . . . . . . . .	32 Bit	 00000094 Para	  Public  'DATA'	
_TEXT  . . . . . . . . . . . . .	32 Bit	 000002BF Para	  Public  'CODE'	


Procedures, parameters, and locals:

                N a m e                 Type     Value    Attr

AddProc  . . . . . . . . . . . .	P Near	 000000F8 _TEXT	Length= 0000001A Public STDCALL
ClearProc  . . . . . . . . . . .	P Near	 00000257 _TEXT	Length= 0000000B Public STDCALL
CloseFile  . . . . . . . . . . .	P Near	 00000000 FLAT	Length= 00000000 External STDCALL
CloseHandle  . . . . . . . . . .	P Near	 00000000 FLAT	Length= 00000000 External STDCALL
Clrscr . . . . . . . . . . . . .	P Near	 00000000 FLAT	Length= 00000000 External STDCALL
CreateFileA  . . . . . . . . . .	P Near	 00000000 FLAT	Length= 00000000 External STDCALL
CreateOutputFile . . . . . . . .	P Near	 00000000 FLAT	Length= 00000000 External STDCALL
Crlf . . . . . . . . . . . . . .	P Near	 00000000 FLAT	Length= 00000000 External STDCALL
Delay  . . . . . . . . . . . . .	P Near	 00000000 FLAT	Length= 00000000 External STDCALL
DivProc  . . . . . . . . . . . .	P Near	 00000149 _TEXT	Length= 00000023 Public STDCALL
DumpMem  . . . . . . . . . . . .	P Near	 00000000 FLAT	Length= 00000000 External STDCALL
DumpRegs . . . . . . . . . . . .	P Near	 00000000 FLAT	Length= 00000000 External STDCALL
ExchangeProc . . . . . . . . . .	P Near	 0000016C _TEXT	Length= 00000032 Public STDCALL
ExitProcess  . . . . . . . . . .	P Near	 00000000 FLAT	Length= 00000000 External STDCALL
FileTimeToDosDateTime  . . . . .	P Near	 00000000 FLAT	Length= 00000000 External STDCALL
FileTimeToSystemTime . . . . . .	P Near	 00000000 FLAT	Length= 00000000 External STDCALL
FlushConsoleInputBuffer  . . . .	P Near	 00000000 FLAT	Length= 00000000 External STDCALL
FormatMessageA . . . . . . . . .	P Near	 00000000 FLAT	Length= 00000000 External STDCALL
GetCommandLineA  . . . . . . . .	P Near	 00000000 FLAT	Length= 00000000 External STDCALL
GetCommandTail . . . . . . . . .	P Near	 00000000 FLAT	Length= 00000000 External STDCALL
GetConsoleCP . . . . . . . . . .	P Near	 00000000 FLAT	Length= 00000000 External STDCALL
GetConsoleCursorInfo . . . . . .	P Near	 00000000 FLAT	Length= 00000000 External STDCALL
GetConsoleMode . . . . . . . . .	P Near	 00000000 FLAT	Length= 00000000 External STDCALL
GetConsoleScreenBufferInfo . . .	P Near	 00000000 FLAT	Length= 00000000 External STDCALL
GetDateTime  . . . . . . . . . .	P Near	 00000000 FLAT	Length= 00000000 External STDCALL
GetFileTime  . . . . . . . . . .	P Near	 00000000 FLAT	Length= 00000000 External STDCALL
GetKeyState  . . . . . . . . . .	P Near	 00000000 FLAT	Length= 00000000 External STDCALL
GetLastError . . . . . . . . . .	P Near	 00000000 FLAT	Length= 00000000 External STDCALL
GetLocalTime . . . . . . . . . .	P Near	 00000000 FLAT	Length= 00000000 External STDCALL
GetMaxXY . . . . . . . . . . . .	P Near	 00000000 FLAT	Length= 00000000 External STDCALL
GetMseconds  . . . . . . . . . .	P Near	 00000000 FLAT	Length= 00000000 External STDCALL
GetNumberOfConsoleInputEvents  .	P Near	 00000000 FLAT	Length= 00000000 External STDCALL
GetProcessHeap . . . . . . . . .	P Near	 00000000 FLAT	Length= 00000000 External STDCALL
GetStdHandle . . . . . . . . . .	P Near	 00000000 FLAT	Length= 00000000 External STDCALL
GetSystemTime  . . . . . . . . .	P Near	 00000000 FLAT	Length= 00000000 External STDCALL
GetTextColor . . . . . . . . . .	P Near	 00000000 FLAT	Length= 00000000 External STDCALL
GetTickCount . . . . . . . . . .	P Near	 00000000 FLAT	Length= 00000000 External STDCALL
Gotoxy . . . . . . . . . . . . .	P Near	 00000000 FLAT	Length= 00000000 External STDCALL
HeapAlloc  . . . . . . . . . . .	P Near	 00000000 FLAT	Length= 00000000 External STDCALL
HeapCreate . . . . . . . . . . .	P Near	 00000000 FLAT	Length= 00000000 External STDCALL
HeapDestroy  . . . . . . . . . .	P Near	 00000000 FLAT	Length= 00000000 External STDCALL
HeapFree . . . . . . . . . . . .	P Near	 00000000 FLAT	Length= 00000000 External STDCALL
HeapSize . . . . . . . . . . . .	P Near	 00000000 FLAT	Length= 00000000 External STDCALL
IsDigit  . . . . . . . . . . . .	P Near	 00000000 FLAT	Length= 00000000 External STDCALL
LocalFree  . . . . . . . . . . .	P Near	 00000000 FLAT	Length= 00000000 External STDCALL
MessageBoxA  . . . . . . . . . .	P Near	 00000000 FLAT	Length= 00000000 External STDCALL
MsgBoxAsk  . . . . . . . . . . .	P Near	 00000000 FLAT	Length= 00000000 External STDCALL
MsgBox . . . . . . . . . . . . .	P Near	 00000000 FLAT	Length= 00000000 External STDCALL
MulProc  . . . . . . . . . . . .	P Near	 0000012E _TEXT	Length= 0000001B Public STDCALL
NegateProc . . . . . . . . . . .	P Near	 0000019E _TEXT	Length= 0000001B Public STDCALL
OpenInputFile  . . . . . . . . .	P Near	 00000000 FLAT	Length= 00000000 External STDCALL
ParseDecimal32 . . . . . . . . .	P Near	 00000000 FLAT	Length= 00000000 External STDCALL
ParseInteger32 . . . . . . . . .	P Near	 00000000 FLAT	Length= 00000000 External STDCALL
ParseInteger . . . . . . . . . .	P Near	 00000299 _TEXT	Length= 00000006 Public STDCALL
PeekConsoleInputA  . . . . . . .	P Near	 00000000 FLAT	Length= 00000000 External STDCALL
PopTwo . . . . . . . . . . . . .	P Near	 00000262 _TEXT	Length= 00000023 Public STDCALL
PushNumber . . . . . . . . . . .	P Near	 000000C6 _TEXT	Length= 00000032 Public STDCALL
  FullError  . . . . . . . . . .	L Near	 000000E8 _TEXT	
PushResult . . . . . . . . . . .	P Near	 00000285 _TEXT	Length= 00000014 Public STDCALL
Random32 . . . . . . . . . . . .	P Near	 00000000 FLAT	Length= 00000000 External STDCALL
RandomRange  . . . . . . . . . .	P Near	 00000000 FLAT	Length= 00000000 External STDCALL
Randomize  . . . . . . . . . . .	P Near	 00000000 FLAT	Length= 00000000 External STDCALL
ReadChar . . . . . . . . . . . .	P Near	 00000000 FLAT	Length= 00000000 External STDCALL
ReadConsoleA . . . . . . . . . .	P Near	 00000000 FLAT	Length= 00000000 External STDCALL
ReadConsoleInputA  . . . . . . .	P Near	 00000000 FLAT	Length= 00000000 External STDCALL
ReadDec  . . . . . . . . . . . .	P Near	 00000000 FLAT	Length= 00000000 External STDCALL
ReadFile . . . . . . . . . . . .	P Near	 00000000 FLAT	Length= 00000000 External STDCALL
ReadFloat  . . . . . . . . . . .	P Near	 00000000 FLAT	Length= 00000000 External STDCALL
ReadFromFile . . . . . . . . . .	P Near	 00000000 FLAT	Length= 00000000 External STDCALL
ReadHex  . . . . . . . . . . . .	P Near	 00000000 FLAT	Length= 00000000 External STDCALL
ReadInt  . . . . . . . . . . . .	P Near	 00000000 FLAT	Length= 00000000 External STDCALL
ReadKeyFlush . . . . . . . . . .	P Near	 00000000 FLAT	Length= 00000000 External STDCALL
ReadKey  . . . . . . . . . . . .	P Near	 00000000 FLAT	Length= 00000000 External STDCALL
ReadString . . . . . . . . . . .	P Near	 00000000 FLAT	Length= 00000000 External STDCALL
RollDownProc . . . . . . . . . .	P Near	 000001EE _TEXT	Length= 00000040 Public STDCALL
  RollDownLoop . . . . . . . . .	L Near	 00000205 _TEXT	
  DoneRollDown . . . . . . . . .	L Near	 00000222 _TEXT	
RollUpProc . . . . . . . . . . .	P Near	 000001B9 _TEXT	Length= 00000035 Public STDCALL
  RollUpLoop . . . . . . . . . .	L Near	 000001D4 _TEXT	
SetConsoleCursorInfo . . . . . .	P Near	 00000000 FLAT	Length= 00000000 External STDCALL
SetConsoleCursorPosition . . . .	P Near	 00000000 FLAT	Length= 00000000 External STDCALL
SetConsoleMode . . . . . . . . .	P Near	 00000000 FLAT	Length= 00000000 External STDCALL
SetConsoleScreenBufferSize . . .	P Near	 00000000 FLAT	Length= 00000000 External STDCALL
SetConsoleTextAttribute  . . . .	P Near	 00000000 FLAT	Length= 00000000 External STDCALL
SetConsoleTitleA . . . . . . . .	P Near	 00000000 FLAT	Length= 00000000 External STDCALL
SetConsoleWindowInfo . . . . . .	P Near	 00000000 FLAT	Length= 00000000 External STDCALL
SetFilePointer . . . . . . . . .	P Near	 00000000 FLAT	Length= 00000000 External STDCALL
SetLocalTime . . . . . . . . . .	P Near	 00000000 FLAT	Length= 00000000 External STDCALL
SetTextColor . . . . . . . . . .	P Near	 00000000 FLAT	Length= 00000000 External STDCALL
ShowFPUStack . . . . . . . . . .	P Near	 00000000 FLAT	Length= 00000000 External STDCALL
Sleep  . . . . . . . . . . . . .	P Near	 00000000 FLAT	Length= 00000000 External STDCALL
StrLength  . . . . . . . . . . .	P Near	 00000000 FLAT	Length= 00000000 External STDCALL
Str_compare  . . . . . . . . . .	P Near	 00000000 FLAT	Length= 00000000 External STDCALL
Str_copy . . . . . . . . . . . .	P Near	 00000000 FLAT	Length= 00000000 External STDCALL
Str_length . . . . . . . . . . .	P Near	 00000000 FLAT	Length= 00000000 External STDCALL
Str_trim . . . . . . . . . . . .	P Near	 00000000 FLAT	Length= 00000000 External STDCALL
Str_ucase  . . . . . . . . . . .	P Near	 00000000 FLAT	Length= 00000000 External STDCALL
SubProc  . . . . . . . . . . . .	P Near	 00000112 _TEXT	Length= 0000001C Public STDCALL
SystemTimeToFileTime . . . . . .	P Near	 00000000 FLAT	Length= 00000000 External STDCALL
ViewProc . . . . . . . . . . . .	P Near	 0000022E _TEXT	Length= 00000029 Public STDCALL
  ViewLoop . . . . . . . . . . .	L Near	 00000242 _TEXT	
WaitMsg  . . . . . . . . . . . .	P Near	 00000000 FLAT	Length= 00000000 External STDCALL
WriteBinB  . . . . . . . . . . .	P Near	 00000000 FLAT	Length= 00000000 External STDCALL
WriteBin . . . . . . . . . . . .	P Near	 00000000 FLAT	Length= 00000000 External STDCALL
WriteChar  . . . . . . . . . . .	P Near	 00000000 FLAT	Length= 00000000 External STDCALL
WriteConsoleA  . . . . . . . . .	P Near	 00000000 FLAT	Length= 00000000 External STDCALL
WriteConsoleOutputAttribute  . .	P Near	 00000000 FLAT	Length= 00000000 External STDCALL
WriteConsoleOutputCharacterA . .	P Near	 00000000 FLAT	Length= 00000000 External STDCALL
WriteDec . . . . . . . . . . . .	P Near	 00000000 FLAT	Length= 00000000 External STDCALL
WriteFile  . . . . . . . . . . .	P Near	 00000000 FLAT	Length= 00000000 External STDCALL
WriteFloat . . . . . . . . . . .	P Near	 00000000 FLAT	Length= 00000000 External STDCALL
WriteHexB  . . . . . . . . . . .	P Near	 00000000 FLAT	Length= 00000000 External STDCALL
WriteHex . . . . . . . . . . . .	P Near	 00000000 FLAT	Length= 00000000 External STDCALL
WriteInt . . . . . . . . . . . .	P Near	 00000000 FLAT	Length= 00000000 External STDCALL
WriteStackFrameName  . . . . . .	P Near	 00000000 FLAT	Length= 00000000 External STDCALL
WriteStackFrame  . . . . . . . .	P Near	 00000000 FLAT	Length= 00000000 External STDCALL
WriteString  . . . . . . . . . .	P Near	 00000000 FLAT	Length= 00000000 External STDCALL
WriteToFile  . . . . . . . . . .	P Near	 00000000 FLAT	Length= 00000000 External STDCALL
WriteWindowsMsg  . . . . . . . .	P Near	 00000000 FLAT	Length= 00000000 External STDCALL
main . . . . . . . . . . . . . .	P Near	 00000000 _TEXT	Length= 000000C6 Public STDCALL
  MainLoop . . . . . . . . . . .	L Near	 00000000 _TEXT	
  DoAdd  . . . . . . . . . . . .	L Near	 0000004A _TEXT	
  DoSub  . . . . . . . . . . . .	L Near	 00000051 _TEXT	
  DoMul  . . . . . . . . . . . .	L Near	 00000058 _TEXT	
  DoDiv  . . . . . . . . . . . .	L Near	 0000005F _TEXT	
  DoExchange . . . . . . . . . .	L Near	 00000066 _TEXT	
  DoNegate . . . . . . . . . . .	L Near	 0000006D _TEXT	
  DoRollUp . . . . . . . . . . .	L Near	 00000074 _TEXT	
  DoRollDown . . . . . . . . . .	L Near	 0000007B _TEXT	
  DoView . . . . . . . . . . . .	L Near	 00000082 _TEXT	
  DoClear  . . . . . . . . . . .	L Near	 0000008C _TEXT	
  ShowTop  . . . . . . . . . . .	L Near	 00000096 _TEXT	
  QuitProgram  . . . . . . . . .	L Near	 000000BF _TEXT	
printf . . . . . . . . . . . . .	P Near	 00000000 FLAT	Length= 00000000 External C
scanf  . . . . . . . . . . . . .	P Near	 00000000 FLAT	Length= 00000000 External C
wsprintfA  . . . . . . . . . . .	P Near	 00000000 FLAT	Length= 00000000 External C


Symbols:

                N a m e                 Type     Value    Attr

@CodeSize  . . . . . . . . . . .	Number	 00000000h   
@DataSize  . . . . . . . . . . .	Number	 00000000h   
@Interface . . . . . . . . . . .	Number	 00000003h   
@Model . . . . . . . . . . . . .	Number	 00000007h   
@code  . . . . . . . . . . . . .	Text   	 _TEXT
@data  . . . . . . . . . . . . .	Text   	 FLAT
@fardata?  . . . . . . . . . . .	Text   	 FLAT
@fardata . . . . . . . . . . . .	Text   	 FLAT
@stack . . . . . . . . . . . . .	Text   	 FLAT
ALT_MASK . . . . . . . . . . . .	Number	 00000003h   
CAPSLOCK_ON  . . . . . . . . . .	Number	 00000080h   
CREATE_ALWAYS  . . . . . . . . .	Number	 00000002h   
CREATE_NEW . . . . . . . . . . .	Number	 00000001h   
CTRL_MASK  . . . . . . . . . . .	Number	 0000000Ch   
CreateFile . . . . . . . . . . .	Text   	 CreateFileA
DO_NOT_SHARE . . . . . . . . . .	Number	 00000000h   
ENABLE_ECHO_INPUT  . . . . . . .	Number	 00000004h   
ENABLE_LINE_INPUT  . . . . . . .	Number	 00000002h   
ENABLE_MOUSE_INPUT . . . . . . .	Number	 00000010h   
ENABLE_PROCESSED_INPUT . . . . .	Number	 00000001h   
ENABLE_PROCESSED_OUTPUT  . . . .	Number	 00000001h   
ENABLE_WINDOW_INPUT  . . . . . .	Number	 00000008h   
ENABLE_WRAP_AT_EOL_OUTPUT  . . .	Number	 00000002h   
ENHANCED_KEY . . . . . . . . . .	Number	 00000100h   
EmptyError . . . . . . . . . . .	L Near	 000002AF _TEXT	
FALSE  . . . . . . . . . . . . .	Number	 00000000h   
FILE_APPEND_DATA . . . . . . . .	Number	 00000004h   
FILE_ATTRIBUTE_ARCHIVE . . . . .	Number	 00000020h   
FILE_ATTRIBUTE_COMPRESSED  . . .	Number	 00000800h   
FILE_ATTRIBUTE_DEVICE  . . . . .	Number	 00000040h   
FILE_ATTRIBUTE_DIRECTORY . . . .	Number	 00000010h   
FILE_ATTRIBUTE_ENCRYPTED . . . .	Number	 00004000h   
FILE_ATTRIBUTE_HIDDEN  . . . . .	Number	 00000002h   
FILE_ATTRIBUTE_NORMAL  . . . . .	Number	 00000080h   
FILE_ATTRIBUTE_NOT_CONTENT_INDEXED .	Number	 00002000h   
FILE_ATTRIBUTE_OFFLINE . . . . .	Number	 00001000h   
FILE_ATTRIBUTE_READONLY  . . . .	Number	 00000001h   
FILE_ATTRIBUTE_REPARSE_POINT . .	Number	 00000400h   
FILE_ATTRIBUTE_SPARSE_FILE . . .	Number	 00000200h   
FILE_ATTRIBUTE_SYSTEM  . . . . .	Number	 00000004h   
FILE_ATTRIBUTE_TEMPORARY . . . .	Number	 00000100h   
FILE_BEGIN . . . . . . . . . . .	Number	 00000000h   
FILE_CURRENT . . . . . . . . . .	Number	 00000001h   
FILE_DELETE_CHILD  . . . . . . .	Number	 00000040h   
FILE_END . . . . . . . . . . . .	Number	 00000002h   
FILE_READ_DATA . . . . . . . . .	Number	 00000001h   
FILE_SHARE_DELETE  . . . . . . .	Number	 00000004h   
FILE_SHARE_READ  . . . . . . . .	Number	 00000001h   
FILE_SHARE_WRITE . . . . . . . .	Number	 00000002h   
FILE_WRITE_DATA  . . . . . . . .	Number	 00000002h   
FOCUS_EVENT  . . . . . . . . . .	Number	 00000010h   
FORMAT_MESSAGE_ALLOCATE_BUFFER .	Number	 00000100h   
FORMAT_MESSAGE_FROM_SYSTEM . . .	Number	 00001000h   
FormatMessage  . . . . . . . . .	Text   	 FormatMessageA
GENERIC_ALL  . . . . . . . . . .	Number	 10000000h   
GENERIC_EXECUTE  . . . . . . . .	Number	 20000000h   
GENERIC_READ . . . . . . . . . .	Number	 -80000000h   
GENERIC_WRITE  . . . . . . . . .	Number	 40000000h   
GetCommandLine . . . . . . . . .	Text   	 GetCommandLineA
HANDLE . . . . . . . . . . . . .	Text   	 DWORD
HEAP_GENERATE_EXCEPTIONS . . . .	Number	 00000004h   
HEAP_GROWABLE  . . . . . . . . .	Number	 00000002h   
HEAP_NO_SERIALIZE  . . . . . . .	Number	 00000001h   
HEAP_REALLOC_IN_PLACE_ONLY . . .	Number	 00000010h   
HEAP_ZERO_MEMORY . . . . . . . .	Number	 00000008h   
IDABORT  . . . . . . . . . . . .	Number	 00000003h   
IDCANCEL . . . . . . . . . . . .	Number	 00000002h   
IDCLOSE  . . . . . . . . . . . .	Number	 00000008h   
IDCONTINUE . . . . . . . . . . .	Number	 0000000Bh   
IDHELP . . . . . . . . . . . . .	Number	 00000009h   
IDIGNORE . . . . . . . . . . . .	Number	 00000005h   
IDNO . . . . . . . . . . . . . .	Number	 00000007h   
IDOK . . . . . . . . . . . . . .	Number	 00000001h   
IDRETRY  . . . . . . . . . . . .	Number	 00000004h   
IDTIMEOUT  . . . . . . . . . . .	Number	 00007D00h   
IDTRYAGAIN . . . . . . . . . . .	Number	 0000000Ah   
IDYES  . . . . . . . . . . . . .	Number	 00000006h   
INVALID_HANDLE_VALUE . . . . . .	Number	 -00000001h   
KBDOWN_FLAG  . . . . . . . . . .	Number	 00000001h   
KEY_EVENT  . . . . . . . . . . .	Number	 00000001h   
KEY_MASKS  . . . . . . . . . . .	Number	 0000001Fh   
LEFT_ALT_PRESSED . . . . . . . .	Number	 00000002h   
LEFT_CTRL_PRESSED  . . . . . . .	Number	 00000008h   
MB_ABORTRETRYIGNORE  . . . . . .	Number	 00000002h   
MB_APPLMODAL . . . . . . . . . .	Number	 00000000h   
MB_CANCELTRYCONTINUE . . . . . .	Number	 00000006h   
MB_DEFBUTTON1  . . . . . . . . .	Number	 00000000h   
MB_DEFBUTTON2  . . . . . . . . .	Number	 00000100h   
MB_DEFBUTTON3  . . . . . . . . .	Number	 00000200h   
MB_DEFBUTTON4  . . . . . . . . .	Number	 00000300h   
MB_HELP  . . . . . . . . . . . .	Number	 00004000h   
MB_ICONASTERISK  . . . . . . . .	Number	 00000040h   
MB_ICONERROR . . . . . . . . . .	Number	 00000010h   
MB_ICONEXCLAMATION . . . . . . .	Number	 00000030h   
MB_ICONHAND  . . . . . . . . . .	Number	 00000010h   
MB_ICONINFORMATION . . . . . . .	Number	 00000040h   
MB_ICONQUESTION  . . . . . . . .	Number	 00000020h   
MB_ICONSTOP  . . . . . . . . . .	Number	 00000010h   
MB_ICONWARNING . . . . . . . . .	Number	 00000030h   
MB_OKCANCEL  . . . . . . . . . .	Number	 00000001h   
MB_OK  . . . . . . . . . . . . .	Number	 00000000h   
MB_RETRYCANCEL . . . . . . . . .	Number	 00000005h   
MB_SYSTEMMODAL . . . . . . . . .	Number	 00001000h   
MB_TASKMODAL . . . . . . . . . .	Number	 00002000h   
MB_USERICON  . . . . . . . . . .	Number	 00000080h   
MB_YESNOCANCEL . . . . . . . . .	Number	 00000003h   
MB_YESNO . . . . . . . . . . . .	Number	 00000004h   
MENU_EVENT . . . . . . . . . . .	Number	 00000008h   
MOUSE_EVENT  . . . . . . . . . .	Number	 00000002h   
MessageBox . . . . . . . . . . .	Text   	 MessageBoxA
NULL . . . . . . . . . . . . . .	Number	 00000000h   
NUMLOCK_ON . . . . . . . . . . .	Number	 00000020h   
OPEN_ALWAYS  . . . . . . . . . .	Number	 00000004h   
OPEN_EXISTING  . . . . . . . . .	Number	 00000003h   
PeekConsoleInput . . . . . . . .	Text   	 PeekConsoleInputA
RIGHT_ALT_PRESSED  . . . . . . .	Number	 00000001h   
RIGHT_CTRL_PRESSED . . . . . . .	Number	 00000004h   
ReadConsoleInput . . . . . . . .	Text   	 ReadConsoleInputA
ReadConsole  . . . . . . . . . .	Text   	 ReadConsoleA
SCROLLLOCK_ON  . . . . . . . . .	Number	 00000040h   
SHIFT_MASK . . . . . . . . . . .	Number	 00000010h   
SHIFT_PRESSED  . . . . . . . . .	Number	 00000010h   
STD_ERROR_HANDLE . . . . . . . .	Number	 -0000000Ch   
STD_INPUT_HANDLE . . . . . . . .	Number	 -0000000Ah   
STD_OUTPUT_HANDLE  . . . . . . .	Number	 -0000000Bh   
SetConsoleTitle  . . . . . . . .	Text   	 SetConsoleTitleA
TAB  . . . . . . . . . . . . . .	Number	 00000009h   
TRUE . . . . . . . . . . . . . .	Number	 00000001h   
TRUNCATE_EXISTING  . . . . . . .	Number	 00000005h   
TwoError . . . . . . . . . . . .	L Near	 0000029F _TEXT	
VK_11  . . . . . . . . . . . . .	Number	 000000BDh   
VK_12  . . . . . . . . . . . . .	Number	 000000BBh   
VK_ADD . . . . . . . . . . . . .	Number	 0000006Bh   
VK_BACK  . . . . . . . . . . . .	Number	 00000008h   
VK_CANCEL  . . . . . . . . . . .	Number	 00000003h   
VK_CAPITAL . . . . . . . . . . .	Number	 00000014h   
VK_CLEAR . . . . . . . . . . . .	Number	 0000000Ch   
VK_CONTROL . . . . . . . . . . .	Number	 00000011h   
VK_DECIMAL . . . . . . . . . . .	Number	 0000006Eh   
VK_DELETE  . . . . . . . . . . .	Number	 0000002Eh   
VK_DIVIDE  . . . . . . . . . . .	Number	 0000006Fh   
VK_DOWN  . . . . . . . . . . . .	Number	 00000028h   
VK_END . . . . . . . . . . . . .	Number	 00000023h   
VK_ESCAPE  . . . . . . . . . . .	Number	 0000001Bh   
VK_EXECUTE . . . . . . . . . . .	Number	 0000002Bh   
VK_F10 . . . . . . . . . . . . .	Number	 00000079h   
VK_F11 . . . . . . . . . . . . .	Number	 0000007Ah   
VK_F12 . . . . . . . . . . . . .	Number	 0000007Bh   
VK_F13 . . . . . . . . . . . . .	Number	 0000007Ch   
VK_F14 . . . . . . . . . . . . .	Number	 0000007Dh   
VK_F15 . . . . . . . . . . . . .	Number	 0000007Eh   
VK_F16 . . . . . . . . . . . . .	Number	 0000007Fh   
VK_F17 . . . . . . . . . . . . .	Number	 00000080h   
VK_F18 . . . . . . . . . . . . .	Number	 00000081h   
VK_F19 . . . . . . . . . . . . .	Number	 00000082h   
VK_F1  . . . . . . . . . . . . .	Number	 00000070h   
VK_F20 . . . . . . . . . . . . .	Number	 00000083h   
VK_F21 . . . . . . . . . . . . .	Number	 00000084h   
VK_F22 . . . . . . . . . . . . .	Number	 00000085h   
VK_F23 . . . . . . . . . . . . .	Number	 00000086h   
VK_F24 . . . . . . . . . . . . .	Number	 00000087h   
VK_F2  . . . . . . . . . . . . .	Number	 00000071h   
VK_F3  . . . . . . . . . . . . .	Number	 00000072h   
VK_F4  . . . . . . . . . . . . .	Number	 00000073h   
VK_F5  . . . . . . . . . . . . .	Number	 00000074h   
VK_F6  . . . . . . . . . . . . .	Number	 00000075h   
VK_F7  . . . . . . . . . . . . .	Number	 00000076h   
VK_F8  . . . . . . . . . . . . .	Number	 00000077h   
VK_F9  . . . . . . . . . . . . .	Number	 00000078h   
VK_HELP  . . . . . . . . . . . .	Number	 0000002Fh   
VK_HOME  . . . . . . . . . . . .	Number	 00000024h   
VK_INSERT  . . . . . . . . . . .	Number	 0000002Dh   
VK_LBUTTON . . . . . . . . . . .	Number	 00000001h   
VK_LCONTROL  . . . . . . . . . .	Number	 000000A2h   
VK_LEFT  . . . . . . . . . . . .	Number	 00000025h   
VK_LMENU . . . . . . . . . . . .	Number	 000000A4h   
VK_LSHIFT  . . . . . . . . . . .	Number	 000000A0h   
VK_MENU  . . . . . . . . . . . .	Number	 00000012h   
VK_MULTIPLY  . . . . . . . . . .	Number	 0000006Ah   
VK_NEXT  . . . . . . . . . . . .	Number	 00000022h   
VK_NUMLOCK . . . . . . . . . . .	Number	 00000090h   
VK_NUMPAD0 . . . . . . . . . . .	Number	 00000060h   
VK_NUMPAD1 . . . . . . . . . . .	Number	 00000061h   
VK_NUMPAD2 . . . . . . . . . . .	Number	 00000062h   
VK_NUMPAD3 . . . . . . . . . . .	Number	 00000063h   
VK_NUMPAD4 . . . . . . . . . . .	Number	 00000064h   
VK_NUMPAD5 . . . . . . . . . . .	Number	 00000065h   
VK_NUMPAD6 . . . . . . . . . . .	Number	 00000066h   
VK_NUMPAD7 . . . . . . . . . . .	Number	 00000067h   
VK_NUMPAD8 . . . . . . . . . . .	Number	 00000068h   
VK_NUMPAD9 . . . . . . . . . . .	Number	 00000069h   
VK_PAUSE . . . . . . . . . . . .	Number	 00000013h   
VK_PRINT . . . . . . . . . . . .	Number	 0000002Ah   
VK_PRIOR . . . . . . . . . . . .	Number	 00000021h   
VK_RBUTTON . . . . . . . . . . .	Number	 00000002h   
VK_RCONTROL  . . . . . . . . . .	Number	 000000A3h   
VK_RETURN  . . . . . . . . . . .	Number	 0000000Dh   
VK_RIGHT . . . . . . . . . . . .	Number	 00000027h   
VK_RMENU . . . . . . . . . . . .	Number	 000000A5h   
VK_RSHIFT  . . . . . . . . . . .	Number	 000000A1h   
VK_SCROLL  . . . . . . . . . . .	Number	 00000091h   
VK_SEPARATER . . . . . . . . . .	Number	 0000006Ch   
VK_SHIFT . . . . . . . . . . . .	Number	 00000010h   
VK_SNAPSHOT  . . . . . . . . . .	Number	 0000002Ch   
VK_SPACE . . . . . . . . . . . .	Number	 00000020h   
VK_SUBTRACT  . . . . . . . . . .	Number	 0000006Dh   
VK_TAB . . . . . . . . . . . . .	Number	 00000009h   
VK_UP  . . . . . . . . . . . . .	Number	 00000026h   
WINDOW_BUFFER_SIZE_EVENT . . . .	Number	 00000004h   
WriteConsoleOutputCharacter  . .	Text   	 WriteConsoleOutputCharacterA
WriteConsole . . . . . . . . . .	Text   	 WriteConsoleA
black  . . . . . . . . . . . . .	Number	 00000000h   
blue . . . . . . . . . . . . . .	Number	 00000001h   
brown  . . . . . . . . . . . . .	Number	 00000006h   
cyan . . . . . . . . . . . . . .	Number	 00000003h   
errEmpty . . . . . . . . . . . .	Byte	 00000067 _DATA	
errFull  . . . . . . . . . . . .	Byte	 00000058 _DATA	
errTwo . . . . . . . . . . . . .	Byte	 00000077 _DATA	
exit . . . . . . . . . . . . . .	Text   	 INVOKE ExitProcess,0
gray . . . . . . . . . . . . . .	Number	 00000008h   
green  . . . . . . . . . . . . .	Number	 00000002h   
lightBlue  . . . . . . . . . . .	Number	 00000009h   
lightCyan  . . . . . . . . . . .	Number	 0000000Bh   
lightGray  . . . . . . . . . . .	Number	 00000007h   
lightGreen . . . . . . . . . . .	Number	 0000000Ah   
lightMagenta . . . . . . . . . .	Number	 0000000Dh   
lightRed . . . . . . . . . . . .	Number	 0000000Ch   
magenta  . . . . . . . . . . . .	Number	 00000005h   
newline  . . . . . . . . . . . .	Byte	 00000091 _DATA	
numStack . . . . . . . . . . . .	DWord	 00000000 _DATA	
prompt . . . . . . . . . . . . .	Byte	 00000024 _DATA	
red  . . . . . . . . . . . . . .	Number	 00000004h   
stackCount . . . . . . . . . . .	DWord	 00000020 _DATA	
stackSize  . . . . . . . . . . .	Number	 00000008h   
white  . . . . . . . . . . . . .	Number	 0000000Fh   
wsprintf . . . . . . . . . . . .	Text   	 wsprintfA
yellow . . . . . . . . . . . . .	Number	 0000000Eh   

	   0 Warnings
	   5 Errors
