Microsoft (R) Macro Assembler Version 14.32.31342.0	    03/24/26 00:27:00
G3P							     Page 1 - 1


				; Program 3: Multitasking Operating System Simulator
				; Course: Assembly (CMSC 3100)
				; Group: 3
				; Members:
				; 	Shawn Gallagher - GAL82896@pennwest.edu
				; 	Lucas Giovannelli - GIO07221@pennwest.edu
				
				TITLE G3P3
				INCLUDE Irvine32.inc
			      C ; Include file for Irvine32.lib             (Irvine32.inc)
			      C 
			      C ;OPTION CASEMAP:NONE		; optional: make identifiers case-sensitive
			      C 
			      C INCLUDE SmallWin.inc		; MS-Windows prototypes, structures, and constants
			      C .NOLIST
			      C .LIST
			      C 
			      C INCLUDE VirtualKeys.inc
			      C ; VirtualKeys.inc
			      C .NOLIST
			      C .LIST
			      C 
			      C 
			      C .NOLIST
			      C .LIST
			      C 
				
 = 00000000			JName equ 0
 = 00000008			JPriority equ 8
 = 00000009			JStatus equ 9
 = 0000000A			JRunTime equ 10
 = 0000000C			JLoadTime equ 12
				
 = 00000000			JobAvailable equ 0
 = 00000001			JobRun equ 1
 = 00000002			JobHold equ 2
				
 = 00000007			LowestPriority equ 7
 = 0000000E			SizeOfJob equ 14
 = 0000000A			NumberOfJobs equ 10
				
 00000000			.data
 00000000  0000008C [		jobs BYTE NumberOfJobs * SizeOfJob DUP(0)
	    00
	   ]
 0000008C 0000008C R		endOfJobs DWORD endOfJobs
				
 00000090 00000000		jobCount DWORD 0
 00000094 00000000		sysTime DWORD 0
				
 00000098  00000040 [		buffer BYTE 64 DUP(0)
	    00
	   ]
				
 000000D8 51 55 49 54 00	cmdQuit BYTE "QUIT", 0
 000000DD 48 45 4C 50 00	cmdHelp BYTE "HELP", 0
 000000E2 53 48 4F 57 00	cmdShow BYTE "SHOW", 0
 000000E7 4C 4F 41 44 00	cmdLoad BYTE "LOAD", 0
 000000EC 52 55 4E 00		cmdRun BYTE "RUN", 0
 000000F0 48 4F 4C 44 00	cmdHold BYTE "HOLD", 0
 000000F5 4B 49 4C 4C 00	cmdKill BYTE "KILL", 0
 000000FA 53 54 45 50 00	cmdStep BYTE "STEP", 0
 000000FF 43 48 41 4E 47	cmdChange BYTE "CHANGE", 0
	   45 00
				
 00000106 43 6F 6D 6D 61	msgHelp BYTE "Commands: LOAD RUN HOLD KILL SHOW STEP CHANGE QUIT", 0
	   6E 64 73 3A 20
	   4C 4F 41 44 20
	   52 55 4E 20 48
	   4F 4C 44 20 4B
	   49 4C 4C 20 53
	   48 4F 57 20 53
	   54 45 50 20 43
	   48 41 4E 47 45
	   20 51 55 49 54
	   00
 00000139 45 6E 74 65 72	msgPrompt BYTE "Enter a command: ", 0
	   20 61 20 63 6F
	   6D 6D 61 6E 64
	   3A 20 00
 0000014B 49 6E 76 61 6C	msgInvalid BYTE "Invalid command", 0
	   69 64 20 63 6F
	   6D 6D 61 6E 64
	   00
 0000015B 4A 6F 62 20 71	msgFull BYTE "Job queue full!", 0
	   75 65 75 65 20
	   66 75 6C 6C 21
	   00
 0000016B 4A 6F 62 20 61	msgExists BYTE "Job already exists!", 0
	   6C 72 65 61 64
	   79 20 65 78 69
	   73 74 73 21 00
 0000017F 4A 6F 62 20 6E	msgNotFound BYTE "Job not found!", 0
	   6F 74 20 66 6F
	   75 6E 64 21 00
 0000018E 4A 6F 62 20 72	msgRemoved BYTE "Job removed", 0
	   65 6D 6F 76 65
	   64 00
 0000019A 4A 6F 62 20 6C	msgLoaded BYTE "Job loaded", 0
	   6F 61 64 65 64
	   00
 000001A5 4A 6F 62 20 72	msgRunning BYTE "Job running", 0
	   75 6E 6E 69 6E
	   67 00
 000001B1 4A 6F 62 20 68	msgHolding BYTE "Job holding", 0
	   6F 6C 64 69 6E
	   67 00
 000001BD 4A 6F 62 20 63	msgDone BYTE "Job completed", 0
	   6F 6D 70 6C 65
	   74 65 64 00
 000001CB 4A 6F 62 20 70	msgChanged BYTE "Job priority changed", 0
	   72 69 6F 72 69
	   74 79 20 63 68
	   61 6E 67 65 64
	   00
				
 00000000			.code
 00000000			main PROC
 00000000  FC				cld
 00000001			mainLoop:
 00000001  BA 00000139 R		mov edx, OFFSET msgPrompt
 00000006  E8 00000000 E		call WriteString
				
 0000000B  BA 00000098 R		mov edx, OFFSET buffer
 00000010  B9 00000040			mov ecx, 64
 00000015  E8 00000000 E		call ReadString
				
 0000001A  E8 00000007			call ToUpperBuffer
 0000001F  E8 000000B0			call ParseCommand
				
 00000024  EB DB			jmp mainLoop
 00000026			main ENDP
				
 00000026			ToUpperBuffer PROC
 00000026  BF 00000098 R		mov edi, OFFSET buffer
 0000002B			UpperLoop:
 0000002B  8A 07			mov al, [edi]
 0000002D  3C 00			cmp al, 0
 0000002F  74 0F			je done
				
 00000031  3C 61			cmp al, 'a'
 00000033  72 08			jb next
 00000035  3C 7A			cmp al, 'z'
 00000037  77 04			ja next
				
 00000039  2C 20			sub al, 32
 0000003B  88 07			mov [edi], al
				
 0000003D			next:
 0000003D  47				inc edi
 0000003E  EB EB			jmp UpperLoop
 00000040			done:
 00000040  C3				ret
 00000041			ToUpperBuffer ENDP
				
 00000041			SkipWhitespace PROC
 00000041			SkipLoop:
 00000041  8A 07			mov al, [edi]
 00000043  3C 20			cmp al, ' '
 00000045  75 03			jne done
 00000047  47				inc edi
 00000048  EB F7			jmp SkipLoop
 0000004A			done:
 0000004A  C3				ret
 0000004B			SkipWhitespace ENDP
				
 0000004B			SkipToken PROC
 0000004B			SkipLoop:
 0000004B  8A 07			mov al, [edi]
 0000004D  3C 20			cmp al, ' '
 0000004F  74 07			je done
 00000051  3C 00			cmp al, 0
 00000053  74 03			je done
 00000055  47				inc edi
 00000056  EB F3			jmp SkipLoop
 00000058			done:
 00000058  C3				ret
 00000059			SkipToken ENDP
				
 00000059			GetTokenPtr PROC
 00000059  E8 FFFFFFED			call SkipToken
 0000005E  E8 FFFFFFDE			call SkipWhitespace
 00000063  8B F7			mov esi, edi
 00000065  C3				ret
 00000066			GetTokenPtr ENDP
				
 00000066			ParseNumber PROC
 00000066  33 C0			xor eax, eax
 00000068			ParseLoop:
 00000068  8A 1E			mov bl, [esi]
 0000006A  80 FB 30			cmp bl, '0'
 0000006D  72 10			jb done
 0000006F  80 FB 39			cmp bl, '9'
 00000072  77 0B			ja done
				
 00000074  80 EB 30			sub bl, '0'
 00000077  6B C0 0A			imul eax, 10
 0000007A  03 C3			add eax, ebx
				
 0000007C  46				inc esi
 0000007D  EB E9			jmp ParseLoop
 0000007F			done:
 0000007F  C3				ret
 00000080			ParseNumber ENDP
				
 00000080			CopyNameFromBuffer PROC
 00000080  57				push edi
 00000081  B9 00000008			mov ecx, 8
 00000086			CopyLoop:
 00000086  8A 06			mov al, [esi]
 00000088  3C 20			cmp al, ' '
 0000008A  74 0A			je done
 0000008C  3C 00			cmp al, 0
 0000008E  74 06			je done
				
 00000090  88 07			mov [edi + JName], al
 00000092  46				inc esi
 00000093  47				inc edi
 00000094  E2 F0			loop CopyLoop
 00000096			done:
 00000096  C6 07 00			mov BYTE PTR [edi], 0
 00000099  5F				pop edi
 0000009A  C3				ret
 0000009B			CopyNameFromBuffer ENDP
				
 0000009B			FindJobByName PROC
 0000009B  8B 0D 00000090 R		mov ecx, jobCount
 000000A1  BF 00000000			mov edi, 0
				
 000000A6			searchLoop:
 000000A6  3B F9			cmp edi, ecx
 000000A8  7D 24			jge notFound
				
 000000AA  8B C7			mov eax, edi
 000000AC  6B C0 0E			imul eax, SizeOfJob
 000000AF  BA 00000000 R		mov edx, OFFSET jobs
 000000B4  03 D0			add edx, eax
				
 000000B6  56				push esi
 000000B7  57				push edi
				
 000000B8  8B FA			mov edi, edx
 000000BA  83 C7 00			add edi, JName
				
 000000BD  B9 00000008			mov ecx, 8
 000000C2  F3/ A6			repe cmpsb
				
 000000C4  5F				pop edi
 000000C5  5E				pop esi
				
 000000C6  74 03			je found
				
 000000C8  47				inc edi
 000000C9  EB DB			jmp searchLoop
				
 000000CB			found:
 000000CB  8B C7			mov eax, edi
 000000CD  C3				ret
				
 000000CE			notFound:
 000000CE  B8 FFFFFFFF			mov eax, -1
 000000D3  C3				ret
 000000D4			FindJobByName ENDP
				
 000000D4			ParseCommand PROC
 000000D4  BF 00000098 R		mov edi, OFFSET buffer
 000000D9  E8 FFFFFF63			call SkipWhitespace
 000000DE  FC				cld
				
 000000DF  BE 000000D8 R		mov esi, OFFSET cmdQuit
 000000E4  B9 00000005			mov ecx, SIZEOF cmdQuit
 000000E9  57				push edi
 000000EA  F3/ A6			repe cmpsb
 000000EC  5F				pop edi
 000000ED  0F 84 00000094		je DoQuit
				
 000000F3  BE 000000DD R		mov esi, OFFSET cmdHelp
 000000F8  B9 00000005			mov ecx, SIZEOF cmdHelp
 000000FD  57				push edi
 000000FE  F3/ A6			repe cmpsb
 00000100  5F				pop edi
 00000101  0F 84 00000087		je DoHelp
				
 00000107  BE 000000E2 R		mov esi, OFFSET cmdShow
 0000010C  B9 00000005			mov ecx, SIZEOF cmdShow
 00000111  57				push edi
 00000112  F3/ A6			repe cmpsb
 00000114  5F				pop edi
 00000115  74 7D			je DoShow
				
 00000117  BE 000000E7 R		mov esi, OFFSET cmdLoad
 0000011C  B9 00000005			mov ecx, SIZEOF cmdLoad
 00000121  57				push edi
 00000122  F3/ A6			repe cmpsb
 00000124  5F				pop edi
 00000125  74 73			je DoLoad
				
 00000127  BE 000000EC R		mov esi, OFFSET cmdRun
 0000012C  B9 00000004			mov ecx, SIZEOF cmdRun
 00000131  57				push edi
 00000132  F3/ A6			repe cmpsb
 00000134  5F				pop edi
 00000135  74 69			je DoRun
				
 00000137  BE 000000F0 R		mov esi, OFFSET cmdHold
 0000013C  B9 00000005			mov ecx, SIZEOF cmdHold
 00000141  57				push edi
 00000142  F3/ A6			repe cmpsb
 00000144  5F				pop edi
 00000145  74 5F			je DoHold
				
 00000147  BE 000000F5 R		mov esi, OFFSET cmdKill
 0000014C  B9 00000005			mov ecx, SIZEOF cmdKill
 00000151  57				push edi
 00000152  F3/ A6			repe cmpsb
 00000154  5F				pop edi
 00000155  74 55			je DoKill
				
 00000157  BE 000000FA R		mov esi, OFFSET cmdStep
 0000015C  B9 00000005			mov ecx, SIZEOF cmdStep
 00000161  57				push edi
 00000162  F3/ A6			repe cmpsb
 00000164  5F				pop edi
 00000165  74 4B			je DoStep
				
 00000167  BE 000000FF R		mov esi, OFFSET cmdChange
 0000016C  B9 00000007			mov ecx, SIZEOF cmdChange
 00000171  57				push edi
 00000172  F3/ A6			repe cmpsb
 00000174  5F				pop edi
 00000175  74 62			je DoChange
				
 00000177  BA 0000014B R		mov edx, OFFSET msgInvalid
 0000017C  E8 00000000 E		call WriteString
 00000181  E8 00000000 E		call Crlf
 00000186  C3				ret
				
 00000187			DoQuit:
					exit
 00000187  6A 00	   *	    push   +000000000h
 00000189  E8 00000000 E   *	    call   ExitProcess
 0000018E			DoHelp:
 0000018E  E8 000002A9			call ShowHelp
 00000193  C3				ret
 00000194			DoShow:
 00000194  E8 00000277			call ShowJobs
 00000199  C3				ret
 0000019A			DoLoad:
 0000019A  E8 00000082			call LoadJob
 0000019F  C3				ret
 000001A0			DoRun:
 000001A0  E8 00000105			call RunJob
 000001A5  C3				ret
 000001A6			DoHold:
 000001A6  E8 0000013C			call HoldJob
 000001AB  C3				ret
 000001AC			DoKill:
 000001AC  E8 0000016A			call KillJob
 000001B1  C3				ret
 000001B2			DoStep:
 000001B2  B9 00000001			mov ecx, 1
 000001B7  E8 FFFFFE9D			call GetTokenPtr
 000001BC  80 3E 00			cmp BYTE PTR [esi], 0
 000001BF  74 07			je DoStepLoop
 000001C1  E8 FFFFFEA0			call ParseNumber
 000001C6  8B C8			mov ecx, eax
 000001C8			DoStepLoop:
 000001C8  8B D1			mov edx, ecx
 000001CA			StepLoop:
 000001CA  E8 000001DE			call ProcessNextJob
 000001CF  FF 05 00000094 R		inc sysTime
 000001D5  4A				dec edx
 000001D6  75 F2			jnz StepLoop
 000001D8  C3				ret
 000001D9			DoChange:
 000001D9  E8 FFFFFE7B			call GetTokenPtr
 000001DE  E8 FFFFFEB8			call FindJobByName
 000001E3  83 F8 FF			cmp eax, -1
 000001E6  74 29			je notFoundChange
				
 000001E8  6B C0 0E			imul eax, SizeOfJob
 000001EB  BF 00000000 R		mov edi, OFFSET jobs
 000001F0  03 F8			add edi, eax
				
 000001F2  E8 FFFFFE62			call GetTokenPtr
 000001F7  E8 FFFFFE6A			call ParseNumber
 000001FC  8A C0			mov al, al
 000001FE  88 47 08			mov JPriority[edi], al
				
 00000201  BA 000001CB R		mov edx, OFFSET msgChanged
 00000206  E8 00000000 E		call WriteString
 0000020B  E8 00000000 E		call Crlf
 00000210  C3				ret
 00000211			notFoundChange:
 00000211  BA 0000017F R		mov edx, OFFSET msgNotFound
 00000216  E8 00000000 E		call WriteString
 0000021B  E8 00000000 E		call Crlf
 00000220  C3				ret
 00000221			ParseCommand ENDP
				
 00000221			LoadJob PROC
 00000221  83 3D 00000090 R		cmp jobCount, NumberOfJobs
	   0A
 00000228  7D 60			jge fullQueue
				
 0000022A  E8 FFFFFE2A			call GetTokenPtr
 0000022F  E8 FFFFFE67			call FindJobByName
 00000234  83 F8 FF			cmp eax, -1
 00000237  75 61			jne exists
				
 00000239  8B 1D 00000090 R		mov ebx, jobCount
 0000023F  6B DB 0E			imul ebx, SizeOfJob
 00000242  BF 00000000 R		mov edi, OFFSET jobs
 00000247  03 FB			add edi, ebx
				
 00000249  E8 FFFFFE32			call CopyNameFromBuffer
				
 0000024E  E8 FFFFFE06			call GetTokenPtr
 00000253  E8 FFFFFE0E			call ParseNumber
 00000258  88 47 08			mov JPriority[edi], al
				
 0000025B  E8 FFFFFDF9			call GetTokenPtr
 00000260  E8 FFFFFE01			call ParseNumber
 00000265  88 47 0A			mov JRunTime[edi], al
				
 00000268  C6 47 09 02			mov BYTE PTR JStatus[edi], JobHold
				
 0000026C  A1 00000094 R		mov eax, sysTime
 00000271  89 47 0C			mov JLoadTime[edi], eax
				
 00000274  FF 05 00000090 R		inc jobCount
				
 0000027A  BA 0000019A R		mov edx, OFFSET msgLoaded
 0000027F  E8 00000000 E		call WriteString
 00000284  E8 00000000 E		call Crlf
 00000289  C3				ret
				
 0000028A			fullQueue:
 0000028A  BA 0000015B R		mov edx, OFFSET msgFull
 0000028F  E8 00000000 E		call WriteString
 00000294  E8 00000000 E		call Crlf
 00000299  C3				ret
				
 0000029A			exists:
 0000029A  BA 0000016B R		mov edx, OFFSET msgExists
 0000029F  E8 00000000 E		call WriteString
 000002A4  E8 00000000 E		call Crlf
 000002A9  C3				ret
 000002AA			LoadJob ENDP
				
 000002AA			RunJob PROC
 000002AA  E8 FFFFFDAA			call GetTokenPtr
 000002AF  E8 FFFFFDE7			call FindJobByName
 000002B4  83 F8 FF			cmp eax, -1
 000002B7  74 1E			je notFound
				
 000002B9  6B C0 0E			imul eax, SizeOfJob
 000002BC  BF 00000000 R		mov edi, OFFSET jobs
 000002C1  03 F8			add edi, eax
				
 000002C3  C6 47 09 01			mov BYTE PTR JStatus[edi], JobRun
				
 000002C7  BA 000001A5 R		mov edx, OFFSET msgRunning
 000002CC  E8 00000000 E		call WriteString
 000002D1  E8 00000000 E		call Crlf
 000002D6  C3				ret
				
 000002D7			notFound:
 000002D7  BA 0000017F R		mov edx, OFFSET msgNotFound
 000002DC  E8 00000000 E		call WriteString
 000002E1  E8 00000000 E		call Crlf
 000002E6  C3				ret
 000002E7			RunJob ENDP
				
 000002E7			HoldJob PROC
 000002E7  E8 FFFFFD6D			call GetTokenPtr
 000002EC  E8 FFFFFDAA			call FindJobByName
 000002F1  83 F8 FF			cmp eax, -1
					je notFound
G3P3.asm(416) : error A2006:undefined symbol : notFound
				
 000002F4  6B C0 0E			imul eax, SizeOfJob
 000002F7  BF 00000000 R		mov edi, OFFSET jobs
 000002FC  03 F8			add edi, eax
				
 000002FE  C6 47 09 02			mov BYTE PTR JStatus[edi], JobHold
				
 00000302  BA 000001B1 R		mov edx, OFFSET msgHolding
 00000307  E8 00000000 E		call WriteString
 0000030C  E8 00000000 E		call Crlf
 00000311  C3				ret
 00000312			HoldJob ENDP
				
 00000312			KillJob PROC
 00000312  E8 FFFFFD42			call GetTokenPtr
 00000317  E8 FFFFFD7F			call FindJobByName
 0000031C  83 F8 FF			cmp eax, -1
 0000031F  74 28			je notFoundKill
				
 00000321  6B C0 0E			imul eax, SizeOfJob
 00000324  BE 00000000 R		mov esi, OFFSET jobs
 00000329  03 F0			add esi, eax
				
 0000032B  E8 00000029			call RemoveJobIndex
				
 00000330  BA 0000018E R		mov edx, OFFSET msgRemoved
 00000335  E8 00000000 E		call WriteString
 0000033A  E8 00000000 E		call Crlf
 0000033F  C3				ret
				
 00000349			notFoundKill:
 00000349  BA 0000017F R		mov edx, OFFSET msgNotFound
 0000034E  E8 00000000 E		call WriteString
 00000353  E8 00000000 E		call Crlf
 00000358  C3				ret
 00000359			KillJob ENDP
				
 00000359			RemoveJobIndex PROC
 00000359  8B 0D 00000090 R		mov ecx, jobCount
 0000035F  83 F9 00			cmp ecx, 0
 00000362  74 35			je doneRemove
				
 00000364  8B FE			mov edi, esi
 00000366			nextShift:
 00000366  83 C7 0E			add edi, SizeOfJob
					cmp edi, OFFSET jobs + (jobCount-1)*SizeOfJob
G3P3.asm(462) : error A2026:constant expected
 00000369  73 28			jae doneShift
				
 0000036B  B8 0000000E			mov eax, SizeOfJob
 00000370  8B F7			mov esi, edi
 00000372  83 EE 0E			sub esi, SizeOfJob
 00000375  BA 00000000 R		mov edx, OFFSET jobs
 0000037A  03 D6			add edx, esi
				
 0000037C  B9 0000000E			mov ecx, SizeOfJob
 00000381  F3/ A4			rep movsb
				
 00000383  EB E1			jmp nextShift
 00000393			doneShift:
 00000393  FF 0D 00000090 R		dec jobCount
 00000399			doneRemove:
 00000399  C3				ret
 0000039A			RemoveJobIndex ENDP
				
 0000039A			StepSystem PROC
 0000039A  B9 00000001			mov ecx, 1
 0000039F			StepLoop:
 0000039F  E8 00000009			call ProcessNextJob
 000003A4  FF 05 00000094 R		inc sysTime
 000003AA  E2 F3			loop StepLoop
 000003AC  C3				ret
 000003AD			StepSystem ENDP
				
 000003AD			ProcessNextJob PROC
 000003AD  8B 0D 00000090 R		mov ecx, jobCount
 000003B3  BE 00000000			mov esi, 0
 000003B8  B3 07			mov bl, LowestPriority
 000003BA  BF FFFFFFFF			mov edi, -1
				
 000003BF			findLoop:
 000003BF  3B F1			cmp esi, ecx
 000003C1  7D 20			jge done
				
 000003C3  8B C6			mov eax, esi
 000003C5  6B C0 0E			imul eax, SizeOfJob
 000003C8  BA 00000000 R		mov edx, OFFSET jobs
 000003CD  03 D0			add edx, eax
				
 000003CF  80 7A 09 01			cmp BYTE PTR JStatus[edx], JobRun
 000003D3  75 0B			jne next
				
 000003D5  8A 42 08			mov al, JPriority[edx]
 000003D8  3A C3			cmp al, bl
 000003DA  7F 04			jg next
				
 000003DC  8A D8			mov bl, al
 000003DE  8B FE			mov edi, esi
				
 000003E0			next:
 000003E0  46				inc esi
 000003E1  EB DC			jmp findLoop
				
 000003E3			done:
 000003E3  83 FF FF			cmp edi, -1
 000003E6  74 27			je noJob
				
 000003E8  6B FF 0E			imul edi, SizeOfJob
 000003EB  BA 00000000 R		mov edx, OFFSET jobs
 000003F0  03 D7			add edx, edi
				
 000003F2  FE 4A 0A			dec BYTE PTR JRunTime[edx]
				
 000003F5  80 7A 0A 00			cmp BYTE PTR JRunTime[edx], 0
 000003F9  75 14			jne exitProc
				
 000003FB  E8 FFFFFF59			call RemoveJobIndex
				
 00000400  BA 000001BD R		mov edx, OFFSET msgDone
 00000405  E8 00000000 E		call WriteString
 0000040A  E8 00000000 E		call Crlf
				
 0000040F			exitProc:
 0000040F			noJob:
 0000040F  C3				ret
 00000410			ProcessNextJob ENDP
				
 00000410			ShowJobs PROC
 00000410  8B 0D 00000090 R		mov ecx, jobCount
 00000416  BE 00000000			mov esi, 0
				
 0000041B			showLoop:
 0000041B  3B F1			cmp esi, ecx
 0000041D  7D 1C			jge doneShow
				
 0000041F  8B C6			mov eax, esi
 00000421  6B C0 0E			imul eax, SizeOfJob
 00000424  BA 00000000 R		mov edx, OFFSET jobs
 00000429  03 D0			add edx, eax
				
 0000042B  83 C2 00			add edx, JName
 0000042E  E8 00000000 E		call WriteString
 00000433  E8 00000000 E		call Crlf
				
 00000438  46				inc esi
 00000439  EB E0			jmp showLoop
				
 0000043B			doneShow:
 0000043B  C3				ret
 0000043C			ShowJobs ENDP
				
 0000043C			ShowHelp PROC
 0000043C  BA 00000106 R		mov edx, OFFSET msgHelp
 00000441  E8 00000000 E		call WriteString
 00000446  E8 00000000 E		call Crlf
 0000044B  C3				ret
 0000044C			ShowHelp ENDP
				
				END main
Microsoft (R) Macro Assembler Version 14.32.31342.0	    03/24/26 00:27:00
G3P							     Symbols 2 - 1




Structures and Unions:

                N a m e                  Size
                                         Offset      Type

CONSOLE_CURSOR_INFO  . . . . . .	 00000008
  dwSize . . . . . . . . . . . .	 00000000	 DWord
  bVisible . . . . . . . . . . .	 00000004	 DWord
CONSOLE_SCREEN_BUFFER_INFO . . .	 00000016
  dwSize . . . . . . . . . . . .	 00000000	 DWord
  dwCursorPosition . . . . . . .	 00000004	 DWord
  wAttributes  . . . . . . . . .	 00000008	 Word
  srWindow . . . . . . . . . . .	 0000000A	 QWord
  dwMaximumWindowSize  . . . . .	 00000012	 DWord
COORD  . . . . . . . . . . . . .	 00000004
  X  . . . . . . . . . . . . . .	 00000000	 Word
  Y  . . . . . . . . . . . . . .	 00000002	 Word
FILETIME . . . . . . . . . . . .	 00000008
  loDateTime . . . . . . . . . .	 00000000	 DWord
  hiDateTime . . . . . . . . . .	 00000004	 DWord
FOCUS_EVENT_RECORD . . . . . . .	 00000004
  bSetFocus  . . . . . . . . . .	 00000000	 DWord
FPU_ENVIRON  . . . . . . . . . .	 0000001C
  controlWord  . . . . . . . . .	 00000000	 Word
  statusWord . . . . . . . . . .	 00000004	 Word
  tagWord  . . . . . . . . . . .	 00000008	 Word
  instrPointerOffset . . . . . .	 0000000C	 DWord
  instrPointerSelector . . . . .	 00000010	 DWord
  operandPointerOffset . . . . .	 00000014	 DWord
  operandPointerSelector . . . .	 00000018	 Word
INPUT_RECORD . . . . . . . . . .	 00000014
  EventType  . . . . . . . . . .	 00000000	 Word
  Event  . . . . . . . . . . . .	 00000004	 XmmWord
  bKeyDown . . . . . . . . . . .	 00000000	 DWord
  wRepeatCount . . . . . . . . .	 00000004	 Word
  wVirtualKeyCode  . . . . . . .	 00000006	 Word
  wVirtualScanCode . . . . . . .	 00000008	 Word
  uChar  . . . . . . . . . . . .	 0000000A	 Word
  UnicodeChar  . . . . . . . . .	 00000000	 Word
  AsciiChar  . . . . . . . . . .	 00000000	 Byte
  dwControlKeyState  . . . . . .	 0000000C	 DWord
  dwMousePosition  . . . . . . .	 00000000	 DWord
  dwButtonState  . . . . . . . .	 00000004	 DWord
  dwMouseControlKeyState . . . .	 00000008	 DWord
  dwEventFlags . . . . . . . . .	 0000000C	 DWord
  dwSize . . . . . . . . . . . .	 00000000	 DWord
  dwCommandId  . . . . . . . . .	 00000000	 DWord
  bSetFocus  . . . . . . . . . .	 00000000	 DWord
KEY_EVENT_RECORD . . . . . . . .	 00000010
  bKeyDown . . . . . . . . . . .	 00000000	 DWord
  wRepeatCount . . . . . . . . .	 00000004	 Word
  wVirtualKeyCode  . . . . . . .	 00000006	 Word
  wVirtualScanCode . . . . . . .	 00000008	 Word
  uChar  . . . . . . . . . . . .	 0000000A	 Word
  UnicodeChar  . . . . . . . . .	 00000000	 Word
  AsciiChar  . . . . . . . . . .	 00000000	 Byte
  dwControlKeyState  . . . . . .	 0000000C	 DWord
MENU_EVENT_RECORD  . . . . . . .	 00000004
  dwCommandId  . . . . . . . . .	 00000000	 DWord
MOUSE_EVENT_RECORD . . . . . . .	 00000010
  dwMousePosition  . . . . . . .	 00000000	 DWord
  dwButtonState  . . . . . . . .	 00000004	 DWord
  dwMouseControlKeyState . . . .	 00000008	 DWord
  dwEventFlags . . . . . . . . .	 0000000C	 DWord
SMALL_RECT . . . . . . . . . . .	 00000008
  Left . . . . . . . . . . . . .	 00000000	 Word
  Top  . . . . . . . . . . . . .	 00000002	 Word
  Right  . . . . . . . . . . . .	 00000004	 Word
  Bottom . . . . . . . . . . . .	 00000006	 Word
SYSTEMTIME . . . . . . . . . . .	 00000010
  wYear  . . . . . . . . . . . .	 00000000	 Word
  wMonth . . . . . . . . . . . .	 00000002	 Word
  wDayOfWeek . . . . . . . . . .	 00000004	 Word
  wDay . . . . . . . . . . . . .	 00000006	 Word
  wHour  . . . . . . . . . . . .	 00000008	 Word
  wMinute  . . . . . . . . . . .	 0000000A	 Word
  wSecond  . . . . . . . . . . .	 0000000C	 Word
  wMilliseconds  . . . . . . . .	 0000000E	 Word
WINDOW_BUFFER_SIZE_RECORD  . . .	 00000004
  dwSize . . . . . . . . . . . .	 00000000	 DWord


Segments and Groups:

                N a m e                 Size     Length   Align   Combine Class

FLAT . . . . . . . . . . . . . .	GROUP
STACK  . . . . . . . . . . . . .	32 Bit	 00001000 Para	  Stack	  'STACK'	 
_DATA  . . . . . . . . . . . . .	32 Bit	 000001E0 Para	  Public  'DATA'	
_TEXT  . . . . . . . . . . . . .	32 Bit	 0000044C Para	  Public  'CODE'	


Procedures, parameters, and locals:

                N a m e                 Type     Value    Attr

CloseFile  . . . . . . . . . . .	P Near	 00000000 FLAT	Length= 00000000 External STDCALL
CloseHandle  . . . . . . . . . .	P Near	 00000000 FLAT	Length= 00000000 External STDCALL
Clrscr . . . . . . . . . . . . .	P Near	 00000000 FLAT	Length= 00000000 External STDCALL
CopyNameFromBuffer . . . . . . .	P Near	 00000080 _TEXT	Length= 0000001B Public STDCALL
  CopyLoop . . . . . . . . . . .	L Near	 00000086 _TEXT	
  done . . . . . . . . . . . . .	L Near	 00000096 _TEXT	
CreateFileA  . . . . . . . . . .	P Near	 00000000 FLAT	Length= 00000000 External STDCALL
CreateOutputFile . . . . . . . .	P Near	 00000000 FLAT	Length= 00000000 External STDCALL
Crlf . . . . . . . . . . . . . .	P Near	 00000000 FLAT	Length= 00000000 External STDCALL
Delay  . . . . . . . . . . . . .	P Near	 00000000 FLAT	Length= 00000000 External STDCALL
DumpMem  . . . . . . . . . . . .	P Near	 00000000 FLAT	Length= 00000000 External STDCALL
DumpRegs . . . . . . . . . . . .	P Near	 00000000 FLAT	Length= 00000000 External STDCALL
ExitProcess  . . . . . . . . . .	P Near	 00000000 FLAT	Length= 00000000 External STDCALL
FileTimeToDosDateTime  . . . . .	P Near	 00000000 FLAT	Length= 00000000 External STDCALL
FileTimeToSystemTime . . . . . .	P Near	 00000000 FLAT	Length= 00000000 External STDCALL
FindJobByName  . . . . . . . . .	P Near	 0000009B _TEXT	Length= 00000039 Public STDCALL
  searchLoop . . . . . . . . . .	L Near	 000000A6 _TEXT	
  found  . . . . . . . . . . . .	L Near	 000000CB _TEXT	
  notFound . . . . . . . . . . .	L Near	 000000CE _TEXT	
FlushConsoleInputBuffer  . . . .	P Near	 00000000 FLAT	Length= 00000000 External STDCALL
FormatMessageA . . . . . . . . .	P Near	 00000000 FLAT	Length= 00000000 External STDCALL
GetCommandLineA  . . . . . . . .	P Near	 00000000 FLAT	Length= 00000000 External STDCALL
GetCommandTail . . . . . . . . .	P Near	 00000000 FLAT	Length= 00000000 External STDCALL
GetConsoleCP . . . . . . . . . .	P Near	 00000000 FLAT	Length= 00000000 External STDCALL
GetConsoleCursorInfo . . . . . .	P Near	 00000000 FLAT	Length= 00000000 External STDCALL
GetConsoleMode . . . . . . . . .	P Near	 00000000 FLAT	Length= 00000000 External STDCALL
GetConsoleScreenBufferInfo . . .	P Near	 00000000 FLAT	Length= 00000000 External STDCALL
GetDateTime  . . . . . . . . . .	P Near	 00000000 FLAT	Length= 00000000 External STDCALL
GetFileTime  . . . . . . . . . .	P Near	 00000000 FLAT	Length= 00000000 External STDCALL
GetKeyState  . . . . . . . . . .	P Near	 00000000 FLAT	Length= 00000000 External STDCALL
GetLastError . . . . . . . . . .	P Near	 00000000 FLAT	Length= 00000000 External STDCALL
GetLocalTime . . . . . . . . . .	P Near	 00000000 FLAT	Length= 00000000 External STDCALL
GetMaxXY . . . . . . . . . . . .	P Near	 00000000 FLAT	Length= 00000000 External STDCALL
GetMseconds  . . . . . . . . . .	P Near	 00000000 FLAT	Length= 00000000 External STDCALL
GetNumberOfConsoleInputEvents  .	P Near	 00000000 FLAT	Length= 00000000 External STDCALL
GetProcessHeap . . . . . . . . .	P Near	 00000000 FLAT	Length= 00000000 External STDCALL
GetStdHandle . . . . . . . . . .	P Near	 00000000 FLAT	Length= 00000000 External STDCALL
GetSystemTime  . . . . . . . . .	P Near	 00000000 FLAT	Length= 00000000 External STDCALL
GetTextColor . . . . . . . . . .	P Near	 00000000 FLAT	Length= 00000000 External STDCALL
GetTickCount . . . . . . . . . .	P Near	 00000000 FLAT	Length= 00000000 External STDCALL
GetTokenPtr  . . . . . . . . . .	P Near	 00000059 _TEXT	Length= 0000000D Public STDCALL
Gotoxy . . . . . . . . . . . . .	P Near	 00000000 FLAT	Length= 00000000 External STDCALL
HeapAlloc  . . . . . . . . . . .	P Near	 00000000 FLAT	Length= 00000000 External STDCALL
HeapCreate . . . . . . . . . . .	P Near	 00000000 FLAT	Length= 00000000 External STDCALL
HeapDestroy  . . . . . . . . . .	P Near	 00000000 FLAT	Length= 00000000 External STDCALL
HeapFree . . . . . . . . . . . .	P Near	 00000000 FLAT	Length= 00000000 External STDCALL
HeapSize . . . . . . . . . . . .	P Near	 00000000 FLAT	Length= 00000000 External STDCALL
HoldJob  . . . . . . . . . . . .	P Near	 000002E7 _TEXT	Length= 00000034 Public STDCALL
IsDigit  . . . . . . . . . . . .	P Near	 00000000 FLAT	Length= 00000000 External STDCALL
KillJob  . . . . . . . . . . . .	P Near	 0000031B _TEXT	Length= 0000003E Public STDCALL
  notFoundKill . . . . . . . . .	L Near	 00000349 _TEXT	
LoadJob  . . . . . . . . . . . .	P Near	 00000221 _TEXT	Length= 00000089 Public STDCALL
  fullQueue  . . . . . . . . . .	L Near	 0000028A _TEXT	
  exists . . . . . . . . . . . .	L Near	 0000029A _TEXT	
LocalFree  . . . . . . . . . . .	P Near	 00000000 FLAT	Length= 00000000 External STDCALL
MessageBoxA  . . . . . . . . . .	P Near	 00000000 FLAT	Length= 00000000 External STDCALL
MsgBoxAsk  . . . . . . . . . . .	P Near	 00000000 FLAT	Length= 00000000 External STDCALL
MsgBox . . . . . . . . . . . . .	P Near	 00000000 FLAT	Length= 00000000 External STDCALL
OpenInputFile  . . . . . . . . .	P Near	 00000000 FLAT	Length= 00000000 External STDCALL
ParseCommand . . . . . . . . . .	P Near	 000000D4 _TEXT	Length= 0000014D Public STDCALL
  DoQuit . . . . . . . . . . . .	L Near	 00000187 _TEXT	
  DoHelp . . . . . . . . . . . .	L Near	 0000018E _TEXT	
  DoShow . . . . . . . . . . . .	L Near	 00000194 _TEXT	
  DoLoad . . . . . . . . . . . .	L Near	 0000019A _TEXT	
  DoRun  . . . . . . . . . . . .	L Near	 000001A0 _TEXT	
  DoHold . . . . . . . . . . . .	L Near	 000001A6 _TEXT	
  DoKill . . . . . . . . . . . .	L Near	 000001AC _TEXT	
  DoStep . . . . . . . . . . . .	L Near	 000001B2 _TEXT	
  DoStepLoop . . . . . . . . . .	L Near	 000001C8 _TEXT	
  StepLoop . . . . . . . . . . .	L Near	 000001CA _TEXT	
  DoChange . . . . . . . . . . .	L Near	 000001D9 _TEXT	
  notFoundChange . . . . . . . .	L Near	 00000211 _TEXT	
ParseDecimal32 . . . . . . . . .	P Near	 00000000 FLAT	Length= 00000000 External STDCALL
ParseInteger32 . . . . . . . . .	P Near	 00000000 FLAT	Length= 00000000 External STDCALL
ParseNumber  . . . . . . . . . .	P Near	 00000066 _TEXT	Length= 0000001A Public STDCALL
  ParseLoop  . . . . . . . . . .	L Near	 00000068 _TEXT	
  done . . . . . . . . . . . . .	L Near	 0000007F _TEXT	
PeekConsoleInputA  . . . . . . .	P Near	 00000000 FLAT	Length= 00000000 External STDCALL
ProcessNextJob . . . . . . . . .	P Near	 000003AD _TEXT	Length= 00000063 Public STDCALL
  findLoop . . . . . . . . . . .	L Near	 000003BF _TEXT	
  next . . . . . . . . . . . . .	L Near	 000003E0 _TEXT	
  done . . . . . . . . . . . . .	L Near	 000003E3 _TEXT	
  exitProc . . . . . . . . . . .	L Near	 0000040F _TEXT	
  noJob  . . . . . . . . . . . .	L Near	 0000040F _TEXT	
Random32 . . . . . . . . . . . .	P Near	 00000000 FLAT	Length= 00000000 External STDCALL
RandomRange  . . . . . . . . . .	P Near	 00000000 FLAT	Length= 00000000 External STDCALL
Randomize  . . . . . . . . . . .	P Near	 00000000 FLAT	Length= 00000000 External STDCALL
ReadChar . . . . . . . . . . . .	P Near	 00000000 FLAT	Length= 00000000 External STDCALL
ReadConsoleA . . . . . . . . . .	P Near	 00000000 FLAT	Length= 00000000 External STDCALL
ReadConsoleInputA  . . . . . . .	P Near	 00000000 FLAT	Length= 00000000 External STDCALL
ReadDec  . . . . . . . . . . . .	P Near	 00000000 FLAT	Length= 00000000 External STDCALL
ReadFile . . . . . . . . . . . .	P Near	 00000000 FLAT	Length= 00000000 External STDCALL
ReadFloat  . . . . . . . . . . .	P Near	 00000000 FLAT	Length= 00000000 External STDCALL
ReadFromFile . . . . . . . . . .	P Near	 00000000 FLAT	Length= 00000000 External STDCALL
ReadHex  . . . . . . . . . . . .	P Near	 00000000 FLAT	Length= 00000000 External STDCALL
ReadInt  . . . . . . . . . . . .	P Near	 00000000 FLAT	Length= 00000000 External STDCALL
ReadKeyFlush . . . . . . . . . .	P Near	 00000000 FLAT	Length= 00000000 External STDCALL
ReadKey  . . . . . . . . . . . .	P Near	 00000000 FLAT	Length= 00000000 External STDCALL
ReadString . . . . . . . . . . .	P Near	 00000000 FLAT	Length= 00000000 External STDCALL
RemoveJobIndex . . . . . . . . .	P Near	 00000359 _TEXT	Length= 00000041 Public STDCALL
  nextShift  . . . . . . . . . .	L Near	 00000366 _TEXT	
  doneShift  . . . . . . . . . .	L Near	 00000393 _TEXT	
  doneRemove . . . . . . . . . .	L Near	 00000399 _TEXT	
RunJob . . . . . . . . . . . . .	P Near	 000002AA _TEXT	Length= 0000003D Public STDCALL
  notFound . . . . . . . . . . .	L Near	 000002D7 _TEXT	
SetConsoleCursorInfo . . . . . .	P Near	 00000000 FLAT	Length= 00000000 External STDCALL
SetConsoleCursorPosition . . . .	P Near	 00000000 FLAT	Length= 00000000 External STDCALL
SetConsoleMode . . . . . . . . .	P Near	 00000000 FLAT	Length= 00000000 External STDCALL
SetConsoleScreenBufferSize . . .	P Near	 00000000 FLAT	Length= 00000000 External STDCALL
SetConsoleTextAttribute  . . . .	P Near	 00000000 FLAT	Length= 00000000 External STDCALL
SetConsoleTitleA . . . . . . . .	P Near	 00000000 FLAT	Length= 00000000 External STDCALL
SetConsoleWindowInfo . . . . . .	P Near	 00000000 FLAT	Length= 00000000 External STDCALL
SetFilePointer . . . . . . . . .	P Near	 00000000 FLAT	Length= 00000000 External STDCALL
SetLocalTime . . . . . . . . . .	P Near	 00000000 FLAT	Length= 00000000 External STDCALL
SetTextColor . . . . . . . . . .	P Near	 00000000 FLAT	Length= 00000000 External STDCALL
ShowFPUStack . . . . . . . . . .	P Near	 00000000 FLAT	Length= 00000000 External STDCALL
ShowHelp . . . . . . . . . . . .	P Near	 0000043C _TEXT	Length= 00000010 Public STDCALL
ShowJobs . . . . . . . . . . . .	P Near	 00000410 _TEXT	Length= 0000002C Public STDCALL
  showLoop . . . . . . . . . . .	L Near	 0000041B _TEXT	
  doneShow . . . . . . . . . . .	L Near	 0000043B _TEXT	
SkipToken  . . . . . . . . . . .	P Near	 0000004B _TEXT	Length= 0000000E Public STDCALL
  SkipLoop . . . . . . . . . . .	L Near	 0000004B _TEXT	
  done . . . . . . . . . . . . .	L Near	 00000058 _TEXT	
SkipWhitespace . . . . . . . . .	P Near	 00000041 _TEXT	Length= 0000000A Public STDCALL
  SkipLoop . . . . . . . . . . .	L Near	 00000041 _TEXT	
  done . . . . . . . . . . . . .	L Near	 0000004A _TEXT	
Sleep  . . . . . . . . . . . . .	P Near	 00000000 FLAT	Length= 00000000 External STDCALL
StepSystem . . . . . . . . . . .	P Near	 0000039A _TEXT	Length= 00000013 Public STDCALL
  StepLoop . . . . . . . . . . .	L Near	 0000039F _TEXT	
StrLength  . . . . . . . . . . .	P Near	 00000000 FLAT	Length= 00000000 External STDCALL
Str_compare  . . . . . . . . . .	P Near	 00000000 FLAT	Length= 00000000 External STDCALL
Str_copy . . . . . . . . . . . .	P Near	 00000000 FLAT	Length= 00000000 External STDCALL
Str_length . . . . . . . . . . .	P Near	 00000000 FLAT	Length= 00000000 External STDCALL
Str_trim . . . . . . . . . . . .	P Near	 00000000 FLAT	Length= 00000000 External STDCALL
Str_ucase  . . . . . . . . . . .	P Near	 00000000 FLAT	Length= 00000000 External STDCALL
SystemTimeToFileTime . . . . . .	P Near	 00000000 FLAT	Length= 00000000 External STDCALL
ToUpperBuffer  . . . . . . . . .	P Near	 00000026 _TEXT	Length= 0000001B Public STDCALL
  UpperLoop  . . . . . . . . . .	L Near	 0000002B _TEXT	
  next . . . . . . . . . . . . .	L Near	 0000003D _TEXT	
  done . . . . . . . . . . . . .	L Near	 00000040 _TEXT	
WaitMsg  . . . . . . . . . . . .	P Near	 00000000 FLAT	Length= 00000000 External STDCALL
WriteBinB  . . . . . . . . . . .	P Near	 00000000 FLAT	Length= 00000000 External STDCALL
WriteBin . . . . . . . . . . . .	P Near	 00000000 FLAT	Length= 00000000 External STDCALL
WriteChar  . . . . . . . . . . .	P Near	 00000000 FLAT	Length= 00000000 External STDCALL
WriteConsoleA  . . . . . . . . .	P Near	 00000000 FLAT	Length= 00000000 External STDCALL
WriteConsoleOutputAttribute  . .	P Near	 00000000 FLAT	Length= 00000000 External STDCALL
WriteConsoleOutputCharacterA . .	P Near	 00000000 FLAT	Length= 00000000 External STDCALL
WriteDec . . . . . . . . . . . .	P Near	 00000000 FLAT	Length= 00000000 External STDCALL
WriteFile  . . . . . . . . . . .	P Near	 00000000 FLAT	Length= 00000000 External STDCALL
WriteFloat . . . . . . . . . . .	P Near	 00000000 FLAT	Length= 00000000 External STDCALL
WriteHexB  . . . . . . . . . . .	P Near	 00000000 FLAT	Length= 00000000 External STDCALL
WriteHex . . . . . . . . . . . .	P Near	 00000000 FLAT	Length= 00000000 External STDCALL
WriteInt . . . . . . . . . . . .	P Near	 00000000 FLAT	Length= 00000000 External STDCALL
WriteStackFrameName  . . . . . .	P Near	 00000000 FLAT	Length= 00000000 External STDCALL
WriteStackFrame  . . . . . . . .	P Near	 00000000 FLAT	Length= 00000000 External STDCALL
WriteString  . . . . . . . . . .	P Near	 00000000 FLAT	Length= 00000000 External STDCALL
WriteToFile  . . . . . . . . . .	P Near	 00000000 FLAT	Length= 00000000 External STDCALL
WriteWindowsMsg  . . . . . . . .	P Near	 00000000 FLAT	Length= 00000000 External STDCALL
main . . . . . . . . . . . . . .	P Near	 00000000 _TEXT	Length= 00000026 Public STDCALL
  mainLoop . . . . . . . . . . .	L Near	 00000001 _TEXT	
printf . . . . . . . . . . . . .	P Near	 00000000 FLAT	Length= 00000000 External C
scanf  . . . . . . . . . . . . .	P Near	 00000000 FLAT	Length= 00000000 External C
wsprintfA  . . . . . . . . . . .	P Near	 00000000 FLAT	Length= 00000000 External C


Symbols:

                N a m e                 Type     Value    Attr

@CodeSize  . . . . . . . . . . .	Number	 00000000h   
@DataSize  . . . . . . . . . . .	Number	 00000000h   
@Interface . . . . . . . . . . .	Number	 00000003h   
@Model . . . . . . . . . . . . .	Number	 00000007h   
@code  . . . . . . . . . . . . .	Text   	 _TEXT
@data  . . . . . . . . . . . . .	Text   	 FLAT
@fardata?  . . . . . . . . . . .	Text   	 FLAT
@fardata . . . . . . . . . . . .	Text   	 FLAT
@stack . . . . . . . . . . . . .	Text   	 FLAT
ALT_MASK . . . . . . . . . . . .	Number	 00000003h   
CAPSLOCK_ON  . . . . . . . . . .	Number	 00000080h   
CREATE_ALWAYS  . . . . . . . . .	Number	 00000002h   
CREATE_NEW . . . . . . . . . . .	Number	 00000001h   
CTRL_MASK  . . . . . . . . . . .	Number	 0000000Ch   
CreateFile . . . . . . . . . . .	Text   	 CreateFileA
DO_NOT_SHARE . . . . . . . . . .	Number	 00000000h   
ENABLE_ECHO_INPUT  . . . . . . .	Number	 00000004h   
ENABLE_LINE_INPUT  . . . . . . .	Number	 00000002h   
ENABLE_MOUSE_INPUT . . . . . . .	Number	 00000010h   
ENABLE_PROCESSED_INPUT . . . . .	Number	 00000001h   
ENABLE_PROCESSED_OUTPUT  . . . .	Number	 00000001h   
ENABLE_WINDOW_INPUT  . . . . . .	Number	 00000008h   
ENABLE_WRAP_AT_EOL_OUTPUT  . . .	Number	 00000002h   
ENHANCED_KEY . . . . . . . . . .	Number	 00000100h   
FALSE  . . . . . . . . . . . . .	Number	 00000000h   
FILE_APPEND_DATA . . . . . . . .	Number	 00000004h   
FILE_ATTRIBUTE_ARCHIVE . . . . .	Number	 00000020h   
FILE_ATTRIBUTE_COMPRESSED  . . .	Number	 00000800h   
FILE_ATTRIBUTE_DEVICE  . . . . .	Number	 00000040h   
FILE_ATTRIBUTE_DIRECTORY . . . .	Number	 00000010h   
FILE_ATTRIBUTE_ENCRYPTED . . . .	Number	 00004000h   
FILE_ATTRIBUTE_HIDDEN  . . . . .	Number	 00000002h   
FILE_ATTRIBUTE_NORMAL  . . . . .	Number	 00000080h   
FILE_ATTRIBUTE_NOT_CONTENT_INDEXED .	Number	 00002000h   
FILE_ATTRIBUTE_OFFLINE . . . . .	Number	 00001000h   
FILE_ATTRIBUTE_READONLY  . . . .	Number	 00000001h   
FILE_ATTRIBUTE_REPARSE_POINT . .	Number	 00000400h   
FILE_ATTRIBUTE_SPARSE_FILE . . .	Number	 00000200h   
FILE_ATTRIBUTE_SYSTEM  . . . . .	Number	 00000004h   
FILE_ATTRIBUTE_TEMPORARY . . . .	Number	 00000100h   
FILE_BEGIN . . . . . . . . . . .	Number	 00000000h   
FILE_CURRENT . . . . . . . . . .	Number	 00000001h   
FILE_DELETE_CHILD  . . . . . . .	Number	 00000040h   
FILE_END . . . . . . . . . . . .	Number	 00000002h   
FILE_READ_DATA . . . . . . . . .	Number	 00000001h   
FILE_SHARE_DELETE  . . . . . . .	Number	 00000004h   
FILE_SHARE_READ  . . . . . . . .	Number	 00000001h   
FILE_SHARE_WRITE . . . . . . . .	Number	 00000002h   
FILE_WRITE_DATA  . . . . . . . .	Number	 00000002h   
FOCUS_EVENT  . . . . . . . . . .	Number	 00000010h   
FORMAT_MESSAGE_ALLOCATE_BUFFER .	Number	 00000100h   
FORMAT_MESSAGE_FROM_SYSTEM . . .	Number	 00001000h   
FormatMessage  . . . . . . . . .	Text   	 FormatMessageA
GENERIC_ALL  . . . . . . . . . .	Number	 10000000h   
GENERIC_EXECUTE  . . . . . . . .	Number	 20000000h   
GENERIC_READ . . . . . . . . . .	Number	 -80000000h   
GENERIC_WRITE  . . . . . . . . .	Number	 40000000h   
GetCommandLine . . . . . . . . .	Text   	 GetCommandLineA
HANDLE . . . . . . . . . . . . .	Text   	 DWORD
HEAP_GENERATE_EXCEPTIONS . . . .	Number	 00000004h   
HEAP_GROWABLE  . . . . . . . . .	Number	 00000002h   
HEAP_NO_SERIALIZE  . . . . . . .	Number	 00000001h   
HEAP_REALLOC_IN_PLACE_ONLY . . .	Number	 00000010h   
HEAP_ZERO_MEMORY . . . . . . . .	Number	 00000008h   
IDABORT  . . . . . . . . . . . .	Number	 00000003h   
IDCANCEL . . . . . . . . . . . .	Number	 00000002h   
IDCLOSE  . . . . . . . . . . . .	Number	 00000008h   
IDCONTINUE . . . . . . . . . . .	Number	 0000000Bh   
IDHELP . . . . . . . . . . . . .	Number	 00000009h   
IDIGNORE . . . . . . . . . . . .	Number	 00000005h   
IDNO . . . . . . . . . . . . . .	Number	 00000007h   
IDOK . . . . . . . . . . . . . .	Number	 00000001h   
IDRETRY  . . . . . . . . . . . .	Number	 00000004h   
IDTIMEOUT  . . . . . . . . . . .	Number	 00007D00h   
IDTRYAGAIN . . . . . . . . . . .	Number	 0000000Ah   
IDYES  . . . . . . . . . . . . .	Number	 00000006h   
INVALID_HANDLE_VALUE . . . . . .	Number	 -00000001h   
JLoadTime  . . . . . . . . . . .	Number	 0000000Ch   
JName  . . . . . . . . . . . . .	Number	 00000000h   
JPriority  . . . . . . . . . . .	Number	 00000008h   
JRunTime . . . . . . . . . . . .	Number	 0000000Ah   
JStatus  . . . . . . . . . . . .	Number	 00000009h   
JobAvailable . . . . . . . . . .	Number	 00000000h   
JobHold  . . . . . . . . . . . .	Number	 00000002h   
JobRun . . . . . . . . . . . . .	Number	 00000001h   
KBDOWN_FLAG  . . . . . . . . . .	Number	 00000001h   
KEY_EVENT  . . . . . . . . . . .	Number	 00000001h   
KEY_MASKS  . . . . . . . . . . .	Number	 0000001Fh   
LEFT_ALT_PRESSED . . . . . . . .	Number	 00000002h   
LEFT_CTRL_PRESSED  . . . . . . .	Number	 00000008h   
LowestPriority . . . . . . . . .	Number	 00000007h   
MB_ABORTRETRYIGNORE  . . . . . .	Number	 00000002h   
MB_APPLMODAL . . . . . . . . . .	Number	 00000000h   
MB_CANCELTRYCONTINUE . . . . . .	Number	 00000006h   
MB_DEFBUTTON1  . . . . . . . . .	Number	 00000000h   
MB_DEFBUTTON2  . . . . . . . . .	Number	 00000100h   
MB_DEFBUTTON3  . . . . . . . . .	Number	 00000200h   
MB_DEFBUTTON4  . . . . . . . . .	Number	 00000300h   
MB_HELP  . . . . . . . . . . . .	Number	 00004000h   
MB_ICONASTERISK  . . . . . . . .	Number	 00000040h   
MB_ICONERROR . . . . . . . . . .	Number	 00000010h   
MB_ICONEXCLAMATION . . . . . . .	Number	 00000030h   
MB_ICONHAND  . . . . . . . . . .	Number	 00000010h   
MB_ICONINFORMATION . . . . . . .	Number	 00000040h   
MB_ICONQUESTION  . . . . . . . .	Number	 00000020h   
MB_ICONSTOP  . . . . . . . . . .	Number	 00000010h   
MB_ICONWARNING . . . . . . . . .	Number	 00000030h   
MB_OKCANCEL  . . . . . . . . . .	Number	 00000001h   
MB_OK  . . . . . . . . . . . . .	Number	 00000000h   
MB_RETRYCANCEL . . . . . . . . .	Number	 00000005h   
MB_SYSTEMMODAL . . . . . . . . .	Number	 00001000h   
MB_TASKMODAL . . . . . . . . . .	Number	 00002000h   
MB_USERICON  . . . . . . . . . .	Number	 00000080h   
MB_YESNOCANCEL . . . . . . . . .	Number	 00000003h   
MB_YESNO . . . . . . . . . . . .	Number	 00000004h   
MENU_EVENT . . . . . . . . . . .	Number	 00000008h   
MOUSE_EVENT  . . . . . . . . . .	Number	 00000002h   
MessageBox . . . . . . . . . . .	Text   	 MessageBoxA
NULL . . . . . . . . . . . . . .	Number	 00000000h   
NUMLOCK_ON . . . . . . . . . . .	Number	 00000020h   
NumberOfJobs . . . . . . . . . .	Number	 0000000Ah   
OPEN_ALWAYS  . . . . . . . . . .	Number	 00000004h   
OPEN_EXISTING  . . . . . . . . .	Number	 00000003h   
PeekConsoleInput . . . . . . . .	Text   	 PeekConsoleInputA
RIGHT_ALT_PRESSED  . . . . . . .	Number	 00000001h   
RIGHT_CTRL_PRESSED . . . . . . .	Number	 00000004h   
ReadConsoleInput . . . . . . . .	Text   	 ReadConsoleInputA
ReadConsole  . . . . . . . . . .	Text   	 ReadConsoleA
SCROLLLOCK_ON  . . . . . . . . .	Number	 00000040h   
SHIFT_MASK . . . . . . . . . . .	Number	 00000010h   
SHIFT_PRESSED  . . . . . . . . .	Number	 00000010h   
STD_ERROR_HANDLE . . . . . . . .	Number	 -0000000Ch   
STD_INPUT_HANDLE . . . . . . . .	Number	 -0000000Ah   
STD_OUTPUT_HANDLE  . . . . . . .	Number	 -0000000Bh   
SetConsoleTitle  . . . . . . . .	Text   	 SetConsoleTitleA
SizeOfJob  . . . . . . . . . . .	Number	 0000000Eh   
TAB  . . . . . . . . . . . . . .	Number	 00000009h   
TRUE . . . . . . . . . . . . . .	Number	 00000001h   
TRUNCATE_EXISTING  . . . . . . .	Number	 00000005h   
VK_11  . . . . . . . . . . . . .	Number	 000000BDh   
VK_12  . . . . . . . . . . . . .	Number	 000000BBh   
VK_ADD . . . . . . . . . . . . .	Number	 0000006Bh   
VK_BACK  . . . . . . . . . . . .	Number	 00000008h   
VK_CANCEL  . . . . . . . . . . .	Number	 00000003h   
VK_CAPITAL . . . . . . . . . . .	Number	 00000014h   
VK_CLEAR . . . . . . . . . . . .	Number	 0000000Ch   
VK_CONTROL . . . . . . . . . . .	Number	 00000011h   
VK_DECIMAL . . . . . . . . . . .	Number	 0000006Eh   
VK_DELETE  . . . . . . . . . . .	Number	 0000002Eh   
VK_DIVIDE  . . . . . . . . . . .	Number	 0000006Fh   
VK_DOWN  . . . . . . . . . . . .	Number	 00000028h   
VK_END . . . . . . . . . . . . .	Number	 00000023h   
VK_ESCAPE  . . . . . . . . . . .	Number	 0000001Bh   
VK_EXECUTE . . . . . . . . . . .	Number	 0000002Bh   
VK_F10 . . . . . . . . . . . . .	Number	 00000079h   
VK_F11 . . . . . . . . . . . . .	Number	 0000007Ah   
VK_F12 . . . . . . . . . . . . .	Number	 0000007Bh   
VK_F13 . . . . . . . . . . . . .	Number	 0000007Ch   
VK_F14 . . . . . . . . . . . . .	Number	 0000007Dh   
VK_F15 . . . . . . . . . . . . .	Number	 0000007Eh   
VK_F16 . . . . . . . . . . . . .	Number	 0000007Fh   
VK_F17 . . . . . . . . . . . . .	Number	 00000080h   
VK_F18 . . . . . . . . . . . . .	Number	 00000081h   
VK_F19 . . . . . . . . . . . . .	Number	 00000082h   
VK_F1  . . . . . . . . . . . . .	Number	 00000070h   
VK_F20 . . . . . . . . . . . . .	Number	 00000083h   
VK_F21 . . . . . . . . . . . . .	Number	 00000084h   
VK_F22 . . . . . . . . . . . . .	Number	 00000085h   
VK_F23 . . . . . . . . . . . . .	Number	 00000086h   
VK_F24 . . . . . . . . . . . . .	Number	 00000087h   
VK_F2  . . . . . . . . . . . . .	Number	 00000071h   
VK_F3  . . . . . . . . . . . . .	Number	 00000072h   
VK_F4  . . . . . . . . . . . . .	Number	 00000073h   
VK_F5  . . . . . . . . . . . . .	Number	 00000074h   
VK_F6  . . . . . . . . . . . . .	Number	 00000075h   
VK_F7  . . . . . . . . . . . . .	Number	 00000076h   
VK_F8  . . . . . . . . . . . . .	Number	 00000077h   
VK_F9  . . . . . . . . . . . . .	Number	 00000078h   
VK_HELP  . . . . . . . . . . . .	Number	 0000002Fh   
VK_HOME  . . . . . . . . . . . .	Number	 00000024h   
VK_INSERT  . . . . . . . . . . .	Number	 0000002Dh   
VK_LBUTTON . . . . . . . . . . .	Number	 00000001h   
VK_LCONTROL  . . . . . . . . . .	Number	 000000A2h   
VK_LEFT  . . . . . . . . . . . .	Number	 00000025h   
VK_LMENU . . . . . . . . . . . .	Number	 000000A4h   
VK_LSHIFT  . . . . . . . . . . .	Number	 000000A0h   
VK_MENU  . . . . . . . . . . . .	Number	 00000012h   
VK_MULTIPLY  . . . . . . . . . .	Number	 0000006Ah   
VK_NEXT  . . . . . . . . . . . .	Number	 00000022h   
VK_NUMLOCK . . . . . . . . . . .	Number	 00000090h   
VK_NUMPAD0 . . . . . . . . . . .	Number	 00000060h   
VK_NUMPAD1 . . . . . . . . . . .	Number	 00000061h   
VK_NUMPAD2 . . . . . . . . . . .	Number	 00000062h   
VK_NUMPAD3 . . . . . . . . . . .	Number	 00000063h   
VK_NUMPAD4 . . . . . . . . . . .	Number	 00000064h   
VK_NUMPAD5 . . . . . . . . . . .	Number	 00000065h   
VK_NUMPAD6 . . . . . . . . . . .	Number	 00000066h   
VK_NUMPAD7 . . . . . . . . . . .	Number	 00000067h   
VK_NUMPAD8 . . . . . . . . . . .	Number	 00000068h   
VK_NUMPAD9 . . . . . . . . . . .	Number	 00000069h   
VK_PAUSE . . . . . . . . . . . .	Number	 00000013h   
VK_PRINT . . . . . . . . . . . .	Number	 0000002Ah   
VK_PRIOR . . . . . . . . . . . .	Number	 00000021h   
VK_RBUTTON . . . . . . . . . . .	Number	 00000002h   
VK_RCONTROL  . . . . . . . . . .	Number	 000000A3h   
VK_RETURN  . . . . . . . . . . .	Number	 0000000Dh   
VK_RIGHT . . . . . . . . . . . .	Number	 00000027h   
VK_RMENU . . . . . . . . . . . .	Number	 000000A5h   
VK_RSHIFT  . . . . . . . . . . .	Number	 000000A1h   
VK_SCROLL  . . . . . . . . . . .	Number	 00000091h   
VK_SEPARATER . . . . . . . . . .	Number	 0000006Ch   
VK_SHIFT . . . . . . . . . . . .	Number	 00000010h   
VK_SNAPSHOT  . . . . . . . . . .	Number	 0000002Ch   
VK_SPACE . . . . . . . . . . . .	Number	 00000020h   
VK_SUBTRACT  . . . . . . . . . .	Number	 0000006Dh   
VK_TAB . . . . . . . . . . . . .	Number	 00000009h   
VK_UP  . . . . . . . . . . . . .	Number	 00000026h   
WINDOW_BUFFER_SIZE_EVENT . . . .	Number	 00000004h   
WriteConsoleOutputCharacter  . .	Text   	 WriteConsoleOutputCharacterA
WriteConsole . . . . . . . . . .	Text   	 WriteConsoleA
black  . . . . . . . . . . . . .	Number	 00000000h   
blue . . . . . . . . . . . . . .	Number	 00000001h   
brown  . . . . . . . . . . . . .	Number	 00000006h   
buffer . . . . . . . . . . . . .	Byte	 00000098 _DATA	
cmdChange  . . . . . . . . . . .	Byte	 000000FF _DATA	
cmdHelp  . . . . . . . . . . . .	Byte	 000000DD _DATA	
cmdHold  . . . . . . . . . . . .	Byte	 000000F0 _DATA	
cmdKill  . . . . . . . . . . . .	Byte	 000000F5 _DATA	
cmdLoad  . . . . . . . . . . . .	Byte	 000000E7 _DATA	
cmdQuit  . . . . . . . . . . . .	Byte	 000000D8 _DATA	
cmdRun . . . . . . . . . . . . .	Byte	 000000EC _DATA	
cmdShow  . . . . . . . . . . . .	Byte	 000000E2 _DATA	
cmdStep  . . . . . . . . . . . .	Byte	 000000FA _DATA	
cyan . . . . . . . . . . . . . .	Number	 00000003h   
endOfJobs  . . . . . . . . . . .	DWord	 0000008C _DATA	
exit . . . . . . . . . . . . . .	Text   	 INVOKE ExitProcess,0
gray . . . . . . . . . . . . . .	Number	 00000008h   
green  . . . . . . . . . . . . .	Number	 00000002h   
jobCount . . . . . . . . . . . .	DWord	 00000090 _DATA	
jobs . . . . . . . . . . . . . .	Byte	 00000000 _DATA	
lightBlue  . . . . . . . . . . .	Number	 00000009h   
lightCyan  . . . . . . . . . . .	Number	 0000000Bh   
lightGray  . . . . . . . . . . .	Number	 00000007h   
lightGreen . . . . . . . . . . .	Number	 0000000Ah   
lightMagenta . . . . . . . . . .	Number	 0000000Dh   
lightRed . . . . . . . . . . . .	Number	 0000000Ch   
magenta  . . . . . . . . . . . .	Number	 00000005h   
msgChanged . . . . . . . . . . .	Byte	 000001CB _DATA	
msgDone  . . . . . . . . . . . .	Byte	 000001BD _DATA	
msgExists  . . . . . . . . . . .	Byte	 0000016B _DATA	
msgFull  . . . . . . . . . . . .	Byte	 0000015B _DATA	
msgHelp  . . . . . . . . . . . .	Byte	 00000106 _DATA	
msgHolding . . . . . . . . . . .	Byte	 000001B1 _DATA	
msgInvalid . . . . . . . . . . .	Byte	 0000014B _DATA	
msgLoaded  . . . . . . . . . . .	Byte	 0000019A _DATA	
msgNotFound  . . . . . . . . . .	Byte	 0000017F _DATA	
msgPrompt  . . . . . . . . . . .	Byte	 00000139 _DATA	
msgRemoved . . . . . . . . . . .	Byte	 0000018E _DATA	
msgRunning . . . . . . . . . . .	Byte	 000001A5 _DATA	
red  . . . . . . . . . . . . . .	Number	 00000004h   
sysTime  . . . . . . . . . . . .	DWord	 00000094 _DATA	
white  . . . . . . . . . . . . .	Number	 0000000Fh   
wsprintf . . . . . . . . . . . .	Text   	 wsprintfA
yellow . . . . . . . . . . . . .	Number	 0000000Eh   

	   0 Warnings
	   2 Errors
