Microsoft (R) Macro Assembler Version 14.32.31342.0	    03/23/26 22:33:21
G3P							     Page 1 - 1


				; Program 3: Multitasking Operating System Simulator
				; Course: Assembly (CMSC 3100)
				; Group: 3
				; Members:
				; 	Shawn Gallagher - GAL82896@pennwest.edu
				; 	Lucas Giovannelli - GIO07221@pennwest.edu
				
				TITLE G3P3
				INCLUDE Irvine32.inc
			      C ; Include file for Irvine32.lib             (Irvine32.inc)
			      C 
			      C ;OPTION CASEMAP:NONE		; optional: make identifiers case-sensitive
			      C 
			      C INCLUDE SmallWin.inc		; MS-Windows prototypes, structures, and constants
			      C .NOLIST
			      C .LIST
			      C 
			      C INCLUDE VirtualKeys.inc
			      C ; VirtualKeys.inc
			      C .NOLIST
			      C .LIST
			      C 
			      C 
			      C .NOLIST
			      C .LIST
			      C 
				
 = 00000000			JName EQU 0
 = 00000008			JPriority EQU 8
 = 00000009			JStatus EQU 9
 = 0000000A			JRunTime EQU 10
 = 0000000C			JLoadTime EQU 12
				
 = 00000000			JobAvailable EQU 0
 = 00000001			JobRun EQU 1
 = 00000002			JobHold EQU 2
				
 = 00000007			LowestPriority equ 7
 = 0000000E			SizeOfJob EQU 14
 = 0000000A			NumberOfJobs EQU 10
				
 00000000			.data
 00000000  0000008C [		Jobs BYTE NumberOfJobs * SizeOfJob DUP(JobAvailable)
	    00
	   ]
				
 0000008C 00000000		jobCount DWORD 0
 00000090 00000000		sysTime DWORD 0
				
 00000094  00000040 [		buffer BYTE 64 DUP(0)
	    00
	   ]
				
 000000D4 51 55 49 54 00	cmdQuit BYTE "QUIT", 0
 000000D9 48 45 4C 50 00	cmdHelp BYTE "HELP", 0
 000000DE 53 48 4F 57 00	cmdShow BYTE "SHOW", 0
 000000E3 4C 4F 41 44 00	cmdLoad BYTE "LOAD", 0
 000000E8 52 55 4E 00		cmdRun  BYTE "RUN", 0
 000000EC 48 4F 4C 44 00	cmdHold BYTE "HOLD", 0
 000000F1 4B 49 4C 4C 00	cmdKill BYTE "KILL", 0
 000000F6 53 54 45 50 00	cmdStep BYTE "STEP", 0
 000000FB 43 48 41 4E 47	cmdChange BYTE "CHANGE", 0
	   45 00
				
 00000102 43 6F 6D 6D 61	msgHelp BYTE "Commands: LOAD RUN HOLD KILL SHOW STEP CHANGE QUIT", 0
	   6E 64 73 3A 20
	   4C 4F 41 44 20
	   52 55 4E 20 48
	   4F 4C 44 20 4B
	   49 4C 4C 20 53
	   48 4F 57 20 53
	   54 45 50 20 43
	   48 41 4E 47 45
	   20 51 55 49 54
	   00
 00000135 3E 3E 20 00		msgPrompt BYTE ">> ", 0
 00000139 49 6E 76 61 6C	msgInvalid BYTE "Invalid command", 0
	   69 64 20 63 6F
	   6D 6D 61 6E 64
	   00
 00000149 4A 6F 62 20 71	msgFull BYTE "Job queue full!", 0
	   75 65 75 65 20
	   66 75 6C 6C 21
	   00
 00000159 4A 6F 62 20 61	msgExists BYTE "Job already exists!", 0
	   6C 72 65 61 64
	   79 20 65 78 69
	   73 74 73 21 00
 0000016D 4A 6F 62 20 6E	msgNotFound BYTE "Job not found!", 0
	   6F 74 20 66 6F
	   75 6E 64 21 00
 0000017C 4A 6F 62 20 72	msgRemoved BYTE "Job removed", 0
	   65 6D 6F 76 65
	   64 00
 00000188 4A 6F 62 20 6C	msgLoaded BYTE "Job loaded", 0
	   6F 61 64 65 64
	   00
 00000193 4A 6F 62 20 72	msgRunning BYTE "Job running", 0
	   75 6E 6E 69 6E
	   67 00
 0000019F 4A 6F 62 20 68	msgHolding BYTE "Job holding", 0
	   6F 6C 64 69 6E
	   67 00
 000001AB 4A 6F 62 20 63	msgDone BYTE "Job completed", 0
	   6F 6D 70 6C 65
	   74 65 64 00
				
 00000000			.code
 00000000			main PROC
 00000000			mainLoop:
 00000000  BA 00000135 R		mov edx, OFFSET msgPrompt
 00000005  E8 00000000 E		call WriteString
				
 0000000A  BA 00000094 R		mov edx, OFFSET buffer
 0000000F  B9 00000040			mov ecx, 64
 00000014  E8 00000000 E		call ReadString
 00000019  E8 00000002			call ParseCommand
				
 0000001E  EB E0			jmp mainLoop
 00000020			main ENDP
				
 00000020			ParseCommand PROC
					call SkipSpaces ; NEEDS FIXING
G3P3.asm(70) : error A2006:undefined symbol : SkipSpaces
 00000020  FC				cld
				
 00000021  BF 00000094 R		mov edi, OFFSET buffer
 00000026  BE 000000D4 R		mov esi, OFFSET cmdQuit
 0000002B  B9 00000005			mov ecx, SIZEOF cmdQuit
 00000030  F3/ A6			repe cmpsb
 00000032  0F 84 000000BF		je DoQuit
				
 00000038  BF 00000094 R		mov edi, OFFSET buffer
 0000003D  BE 000000D9 R		mov esi, OFFSET cmdHelp
 00000042  B9 00000005			mov ecx, SIZEOF cmdHelp
 00000047  F3/ A6			repe cmpsb
 00000049  0F 84 000000AF		je DoHelp
				
 0000004F  BF 00000094 R		mov edi, OFFSET buffer
 00000054  BE 000000DE R		mov esi, OFFSET cmdShow
 00000059  B9 00000005			mov ecx, SIZEOF cmdShow
 0000005E  F3/ A6			repe cmpsb
 00000060  0F 84 0000009E		je DoShow
				
 00000066  BF 00000094 R		mov edi, OFFSET buffer
 0000006B  BE 000000E3 R		mov esi, OFFSET cmdLoad
 00000070  B9 00000005			mov ecx, SIZEOF cmdLoad
 00000075  F3/ A6			repe cmpsb
 00000077  0F 84 0000008D		je DoLoad
				
 0000007D  BF 00000094 R		mov edi, OFFSET buffer
 00000082  BE 000000E8 R		mov esi, OFFSET cmdRun
 00000087  B9 00000004			mov ecx, SIZEOF cmdRun
 0000008C  F3/ A6			repe cmpsb
 0000008E  74 00			je DoRun
				
 00000090  BF 00000094 R		mov edi, OFFSET buffer
 00000095  BE 000000EC R		mov esi, OFFSET cmdHold
 0000009A  B9 00000005			mov ecx, SIZEOF cmdHold
 0000009F  F3/ A6			repe cmpsb
 000000A1  74 73			je DoHold
				
 000000A3  BF 00000094 R		mov edi, OFFSET buffer
 000000A8  BE 000000F1 R		mov esi, OFFSET cmdKill
 000000AD  B9 00000005			mov ecx, SIZEOF cmdKill
 000000B2  F3/ A6			repe cmpsb
 000000B4  74 66			je DoKill
				
 000000B6  BF 00000094 R		mov edi, OFFSET buffer
 000000BB  BE 000000F6 R		mov esi, OFFSET cmdStep
 000000C0  B9 00000005			mov ecx, SIZEOF cmdStep
 000000C5  F3/ A6			repe cmpsb
 000000C7  74 59			je DoStep
				
 000000C9  BF 00000094 R		mov edi, OFFSET buffer
 000000CE  BE 000000FB R		mov esi, OFFSET cmdChange
 000000D3  B9 00000007			mov ecx, SIZEOF cmdChange
 000000D8  F3/ A6			repe cmpsb
 000000DA  74 4C			je DoChange
				
 000000DC  BA 00000139 R		mov edx, OFFSET msgInvalid
 000000E1  E8 00000000 E		call WriteString
 000000E6  E8 00000000 E		call Crlf
 000000EB  C3				ret
				
 000000F7			DoQuit:
					exit
 000000F7  6A 00	   *	    push   +000000000h
 000000F9  E8 00000000 E   *	    call   ExitProcess
 000000FE			DoHelp:
 000000FE  E8 00000215			call ShowHelp
 00000103  C3				ret
 00000104			DoShow:
 00000104  E8 000001DD			call ShowJobs
 00000109  C3				ret
 0000010A			DoLoad:
 0000010A  E8 00000025			call LoadJob
 0000010F  C3				ret
 00000110			DoRun:
 00000110  E8 000000BC			call RunJob
 00000115  C3				ret
 00000116			DoHold:
 00000116  E8 000000F4			call HoldJob
 0000011B  C3				ret
 0000011C			DoKill:
 0000011C  E8 00000123			call KillJob
 00000121  C3				ret
 00000122			DoStep:
 00000122  E8 00000149			call StepSystem
 00000127  C3				ret
 00000128			DoChange:
					call ChangePriority
G3P3.asm(156) : error A2006:undefined symbol : ChangePriority
 00000128  C3				ret
 00000129			ParseCommand ENDP
				
 00000129			LoadJob PROC
 00000129  83 3D 0000008C R		cmp jobCount, NumberOfJobs
	   0A
 00000130  7D 7F			jge fullQueue
				
					call GetJobName ; NEEDS FIXING
G3P3.asm(164) : error A2006:undefined symbol : GetJobName
					call FindJob ; NEEDS FIXING
G3P3.asm(165) : error A2006:undefined symbol : FindJob
 00000132  83 F8 FF			cmp eax, -1
 00000135  75 00			jne exists
				
 00000137  8B 1D 0000008C R		mov ebx, jobCount
 0000013D  6B DB 0E			imul ebx, SizeOfJob
 00000140  BF 00000000 R		mov edi, OFFSET Jobs
 00000145  03 FB			add edi, ebx
				
					call CopyName ; NEEDS FIXING
G3P3.asm(174) : error A2006:undefined symbol : CopyName
				
					call GetNumber ; NEEDS FIXING
G3P3.asm(176) : error A2006:undefined symbol : GetNumber
 00000147  88 47 08			mov JPriority[edi], al
				
					call GetNumber ; NEEDS FIXING
G3P3.asm(179) : error A2006:undefined symbol : GetNumber
 0000014A  88 47 0A			mov JRunTime[edi], al
				
 0000014D  C6 47 09 02			mov BYTE PTR JStatus[edi], JobHold
				
 00000151  A1 00000090 R		mov eax, sysTime
 00000156  89 47 0C			mov JLoadTime[edi], eax
				
 00000159  FF 05 0000008C R		inc jobCount
				
 0000015F  BA 00000188 R		mov edx, OFFSET msgLoaded
 00000164  E8 00000000 E		call WriteString
 00000169  E8 00000000 E		call Crlf
 0000016E  C3				ret
				
 000001B1			fullQueue:
 000001B1  BA 00000149 R		mov edx, OFFSET msgFull
 000001B6  E8 00000000 E		call WriteString
 000001BB  E8 00000000 E		call Crlf
 000001C0  C3				ret
				
 000001C1			exists:
 000001C1  BA 00000159 R		mov edx, OFFSET msgExists
 000001C6  E8 00000000 E		call WriteString
 000001CB  E8 00000000 E		call Crlf
 000001D0  C3				ret
 000001D1			LoadJob ENDP
				
 000001D1			RunJob PROC
					call FindJobByInput ; NEEDS FIXING
G3P3.asm(208) : error A2006:undefined symbol : FindJobByInput
 000001D1  83 F8 FF			cmp eax, -1
 000001D4  74 29			je notFound
				
 000001D6  6B C0 0E			imul eax, SizeOfJob
 000001D9  BF 00000000 R		mov edi, OFFSET Jobs
 000001DE  03 F8			add edi, eax
				
 000001E0  C6 47 09 01			mov BYTE PTR JStatus[edi], JobRun
				
 000001E4  BA 00000193 R		mov edx, OFFSET msgRunning
 000001E9  E8 00000000 E		call WriteString
 000001EE  E8 00000000 E		call Crlf
 000001F3  C3				ret
				
 000001FF			notFound:
 000001FF  BA 0000016D R		mov edx, OFFSET msgNotFound
 00000204  E8 00000000 E		call WriteString
 00000209  E8 00000000 E		call Crlf
 0000020E  C3				ret
 0000020F			RunJob ENDP
				
 0000020F			HoldJob PROC
					call FindJobByInput ; NEEDS FIXING
G3P3.asm(231) : error A2006:undefined symbol : FindJobByInput
 0000020F  83 F8 FF			cmp eax, -1
					je notFound
G3P3.asm(233) : error A2006:undefined symbol : notFound
				
 00000212  6B C0 0E			imul eax, SizeOfJob
 00000215  BF 00000000 R		mov edi, OFFSET Jobs
 0000021A  03 F8			add edi, eax
				
 0000021C  C6 47 09 02			mov BYTE PTR JStatus[edi], JobHold
				
 00000220  BA 0000019F R		mov edx, OFFSET msgHolding
 00000225  E8 00000000 E		call WriteString
 0000022A  E8 00000000 E		call Crlf
 0000022F  C3				ret
 00000230			HoldJob ENDP
				
 00000230			KillJob PROC
					call FindJobByInput ; NEEDS FIXING
G3P3.asm(248) : error A2006:undefined symbol : FindJobByInput
 00000230  83 F8 FF			cmp eax, -1
					je notFound
G3P3.asm(250) : error A2006:undefined symbol : notFound
				
 00000233  E8 000000D9			call RemoveJobIndex
				
 00000238  BA 0000017C R		mov edx, OFFSET msgRemoved
 0000023D  E8 00000000 E		call WriteString
 00000242  E8 00000000 E		call Crlf
 00000247  C3				ret
 00000248			KillJob ENDP
				
 00000248			StepSystem PROC
 00000248  B9 00000001			mov ecx, 1
				
 00000275			stepLoop:
 00000275  E8 00000009			call ProcessNextJob
 0000027A  FF 05 00000090 R		inc sysTime
 00000280  E2 F3			loop stepLoop
 00000282  C3				ret
 00000283			StepSystem ENDP
				
 00000283			ProcessNextJob PROC
 00000283  8B 0D 0000008C R		mov ecx, jobCount
 00000289  BE 00000000			mov esi, 0
 0000028E  B3 07			mov bl, LowestPriority
 00000290  BF FFFFFFFF			mov edi, -1
				
 00000295			findLoop:
 00000295  3B F1			cmp esi, ecx
 00000297  7D 20			jge done
				
 00000299  8B C6			mov eax, esi
 0000029B  6B C0 0E			imul eax, SizeOfJob
 0000029E  BA 00000000 R		mov edx, OFFSET Jobs
 000002A3  03 D0			add edx, eax
				
 000002A5  80 7A 09 01			cmp BYTE PTR JStatus[edx], JobRun
 000002A9  75 0B			jne next
				
 000002AB  8A 42 08			mov al, JPriority[edx]
 000002AE  3A C3			cmp al, bl
 000002B0  7F 04			jg next
				
 000002B2  8A D8			mov bl, al
 000002B4  8B FE			mov edi, esi
				
 000002B6			next:
 000002B6  46				inc esi
 000002B7  EB DC			jmp findLoop
				
 000002B9			done:
 000002B9  83 FF FF			cmp edi, -1
 000002BC  74 27			je noJob
				
 000002BE  6B FF 0E			imul edi, SizeOfJob
 000002C1  BA 00000000 R		mov edx, OFFSET Jobs
 000002C6  03 D7			add edx, edi
				
 000002C8  FE 4A 0A			dec BYTE PTR JRunTime[edx]
				
 000002CB  80 7A 0A 00			cmp BYTE PTR JRunTime[edx], 0
 000002CF  75 14			jne exitProc
				
 000002D1  E8 0000003B			call RemoveJobIndex
				
 000002D6  BA 000001AB R		mov edx, OFFSET msgDone
 000002DB  E8 00000000 E		call WriteString
 000002E0  E8 00000000 E		call Crlf
				
 000002E5			exitProc:
 000002E5			noJob:
 000002E5  C3				ret
 000002E6			ProcessNextJob ENDP
				
 000002E6			ShowJobs PROC
 000002E6  8B 0D 0000008C R		mov ecx, jobCount
 000002EC  BE 00000000			mov esi, 0
				
 000002F1			showLoop:
 000002F1  3B F1			cmp esi, ecx
 000002F3  7D 1B			jge done
				
 000002F5  8B C6			mov eax, esi
 000002F7  6B C0 0E			imul eax, SizeOfJob
 000002FA  BA 00000000 R		mov edx, OFFSET Jobs
 000002FF  03 D0			add edx, eax
				
 00000301  8D 12			lea edx, JName[edx] ; NEEDS FIXING, just weird to use lea
 00000303  E8 00000000 E		call WriteString
 00000308  E8 00000000 E		call Crlf
				
 0000030D  46				inc esi
 0000030E  EB E1			jmp showLoop
				
 00000310			done:
 00000310  C3				ret
 00000311			ShowJobs ENDP
				
 00000311			RemoveJobIndex PROC
 00000311  FF 0D 0000008C R		dec jobCount
 00000317  C3				ret
 00000318			RemoveJobIndex ENDP
				
 00000318			ShowHelp PROC
 00000318  BA 00000102 R		mov edx, OFFSET msgHelp
 0000031D  E8 00000000 E		call WriteString
 00000322  E8 00000000 E		call Crlf
 00000327  C3				ret
 00000328			ShowHelp ENDP
				
				END main
Microsoft (R) Macro Assembler Version 14.32.31342.0	    03/23/26 22:33:21
G3P							     Symbols 2 - 1




Structures and Unions:

                N a m e                  Size
                                         Offset      Type

CONSOLE_CURSOR_INFO  . . . . . .	 00000008
  dwSize . . . . . . . . . . . .	 00000000	 DWord
  bVisible . . . . . . . . . . .	 00000004	 DWord
CONSOLE_SCREEN_BUFFER_INFO . . .	 00000016
  dwSize . . . . . . . . . . . .	 00000000	 DWord
  dwCursorPosition . . . . . . .	 00000004	 DWord
  wAttributes  . . . . . . . . .	 00000008	 Word
  srWindow . . . . . . . . . . .	 0000000A	 QWord
  dwMaximumWindowSize  . . . . .	 00000012	 DWord
COORD  . . . . . . . . . . . . .	 00000004
  X  . . . . . . . . . . . . . .	 00000000	 Word
  Y  . . . . . . . . . . . . . .	 00000002	 Word
FILETIME . . . . . . . . . . . .	 00000008
  loDateTime . . . . . . . . . .	 00000000	 DWord
  hiDateTime . . . . . . . . . .	 00000004	 DWord
FOCUS_EVENT_RECORD . . . . . . .	 00000004
  bSetFocus  . . . . . . . . . .	 00000000	 DWord
FPU_ENVIRON  . . . . . . . . . .	 0000001C
  controlWord  . . . . . . . . .	 00000000	 Word
  statusWord . . . . . . . . . .	 00000004	 Word
  tagWord  . . . . . . . . . . .	 00000008	 Word
  instrPointerOffset . . . . . .	 0000000C	 DWord
  instrPointerSelector . . . . .	 00000010	 DWord
  operandPointerOffset . . . . .	 00000014	 DWord
  operandPointerSelector . . . .	 00000018	 Word
INPUT_RECORD . . . . . . . . . .	 00000014
  EventType  . . . . . . . . . .	 00000000	 Word
  Event  . . . . . . . . . . . .	 00000004	 XmmWord
  bKeyDown . . . . . . . . . . .	 00000000	 DWord
  wRepeatCount . . . . . . . . .	 00000004	 Word
  wVirtualKeyCode  . . . . . . .	 00000006	 Word
  wVirtualScanCode . . . . . . .	 00000008	 Word
  uChar  . . . . . . . . . . . .	 0000000A	 Word
  UnicodeChar  . . . . . . . . .	 00000000	 Word
  AsciiChar  . . . . . . . . . .	 00000000	 Byte
  dwControlKeyState  . . . . . .	 0000000C	 DWord
  dwMousePosition  . . . . . . .	 00000000	 DWord
  dwButtonState  . . . . . . . .	 00000004	 DWord
  dwMouseControlKeyState . . . .	 00000008	 DWord
  dwEventFlags . . . . . . . . .	 0000000C	 DWord
  dwSize . . . . . . . . . . . .	 00000000	 DWord
  dwCommandId  . . . . . . . . .	 00000000	 DWord
  bSetFocus  . . . . . . . . . .	 00000000	 DWord
KEY_EVENT_RECORD . . . . . . . .	 00000010
  bKeyDown . . . . . . . . . . .	 00000000	 DWord
  wRepeatCount . . . . . . . . .	 00000004	 Word
  wVirtualKeyCode  . . . . . . .	 00000006	 Word
  wVirtualScanCode . . . . . . .	 00000008	 Word
  uChar  . . . . . . . . . . . .	 0000000A	 Word
  UnicodeChar  . . . . . . . . .	 00000000	 Word
  AsciiChar  . . . . . . . . . .	 00000000	 Byte
  dwControlKeyState  . . . . . .	 0000000C	 DWord
MENU_EVENT_RECORD  . . . . . . .	 00000004
  dwCommandId  . . . . . . . . .	 00000000	 DWord
MOUSE_EVENT_RECORD . . . . . . .	 00000010
  dwMousePosition  . . . . . . .	 00000000	 DWord
  dwButtonState  . . . . . . . .	 00000004	 DWord
  dwMouseControlKeyState . . . .	 00000008	 DWord
  dwEventFlags . . . . . . . . .	 0000000C	 DWord
SMALL_RECT . . . . . . . . . . .	 00000008
  Left . . . . . . . . . . . . .	 00000000	 Word
  Top  . . . . . . . . . . . . .	 00000002	 Word
  Right  . . . . . . . . . . . .	 00000004	 Word
  Bottom . . . . . . . . . . . .	 00000006	 Word
SYSTEMTIME . . . . . . . . . . .	 00000010
  wYear  . . . . . . . . . . . .	 00000000	 Word
  wMonth . . . . . . . . . . . .	 00000002	 Word
  wDayOfWeek . . . . . . . . . .	 00000004	 Word
  wDay . . . . . . . . . . . . .	 00000006	 Word
  wHour  . . . . . . . . . . . .	 00000008	 Word
  wMinute  . . . . . . . . . . .	 0000000A	 Word
  wSecond  . . . . . . . . . . .	 0000000C	 Word
  wMilliseconds  . . . . . . . .	 0000000E	 Word
WINDOW_BUFFER_SIZE_RECORD  . . .	 00000004
  dwSize . . . . . . . . . . . .	 00000000	 DWord


Segments and Groups:

                N a m e                 Size     Length   Align   Combine Class

FLAT . . . . . . . . . . . . . .	GROUP
STACK  . . . . . . . . . . . . .	32 Bit	 00001000 Para	  Stack	  'STACK'	 
_DATA  . . . . . . . . . . . . .	32 Bit	 000001B9 Para	  Public  'DATA'	
_TEXT  . . . . . . . . . . . . .	32 Bit	 00000328 Para	  Public  'CODE'	


Procedures, parameters, and locals:

                N a m e                 Type     Value    Attr

CloseFile  . . . . . . . . . . .	P Near	 00000000 FLAT	Length= 00000000 External STDCALL
CloseHandle  . . . . . . . . . .	P Near	 00000000 FLAT	Length= 00000000 External STDCALL
Clrscr . . . . . . . . . . . . .	P Near	 00000000 FLAT	Length= 00000000 External STDCALL
CreateFileA  . . . . . . . . . .	P Near	 00000000 FLAT	Length= 00000000 External STDCALL
CreateOutputFile . . . . . . . .	P Near	 00000000 FLAT	Length= 00000000 External STDCALL
Crlf . . . . . . . . . . . . . .	P Near	 00000000 FLAT	Length= 00000000 External STDCALL
Delay  . . . . . . . . . . . . .	P Near	 00000000 FLAT	Length= 00000000 External STDCALL
DumpMem  . . . . . . . . . . . .	P Near	 00000000 FLAT	Length= 00000000 External STDCALL
DumpRegs . . . . . . . . . . . .	P Near	 00000000 FLAT	Length= 00000000 External STDCALL
ExitProcess  . . . . . . . . . .	P Near	 00000000 FLAT	Length= 00000000 External STDCALL
FileTimeToDosDateTime  . . . . .	P Near	 00000000 FLAT	Length= 00000000 External STDCALL
FileTimeToSystemTime . . . . . .	P Near	 00000000 FLAT	Length= 00000000 External STDCALL
FlushConsoleInputBuffer  . . . .	P Near	 00000000 FLAT	Length= 00000000 External STDCALL
FormatMessageA . . . . . . . . .	P Near	 00000000 FLAT	Length= 00000000 External STDCALL
GetCommandLineA  . . . . . . . .	P Near	 00000000 FLAT	Length= 00000000 External STDCALL
GetCommandTail . . . . . . . . .	P Near	 00000000 FLAT	Length= 00000000 External STDCALL
GetConsoleCP . . . . . . . . . .	P Near	 00000000 FLAT	Length= 00000000 External STDCALL
GetConsoleCursorInfo . . . . . .	P Near	 00000000 FLAT	Length= 00000000 External STDCALL
GetConsoleMode . . . . . . . . .	P Near	 00000000 FLAT	Length= 00000000 External STDCALL
GetConsoleScreenBufferInfo . . .	P Near	 00000000 FLAT	Length= 00000000 External STDCALL
GetDateTime  . . . . . . . . . .	P Near	 00000000 FLAT	Length= 00000000 External STDCALL
GetFileTime  . . . . . . . . . .	P Near	 00000000 FLAT	Length= 00000000 External STDCALL
GetKeyState  . . . . . . . . . .	P Near	 00000000 FLAT	Length= 00000000 External STDCALL
GetLastError . . . . . . . . . .	P Near	 00000000 FLAT	Length= 00000000 External STDCALL
GetLocalTime . . . . . . . . . .	P Near	 00000000 FLAT	Length= 00000000 External STDCALL
GetMaxXY . . . . . . . . . . . .	P Near	 00000000 FLAT	Length= 00000000 External STDCALL
GetMseconds  . . . . . . . . . .	P Near	 00000000 FLAT	Length= 00000000 External STDCALL
GetNumberOfConsoleInputEvents  .	P Near	 00000000 FLAT	Length= 00000000 External STDCALL
GetProcessHeap . . . . . . . . .	P Near	 00000000 FLAT	Length= 00000000 External STDCALL
GetStdHandle . . . . . . . . . .	P Near	 00000000 FLAT	Length= 00000000 External STDCALL
GetSystemTime  . . . . . . . . .	P Near	 00000000 FLAT	Length= 00000000 External STDCALL
GetTextColor . . . . . . . . . .	P Near	 00000000 FLAT	Length= 00000000 External STDCALL
GetTickCount . . . . . . . . . .	P Near	 00000000 FLAT	Length= 00000000 External STDCALL
Gotoxy . . . . . . . . . . . . .	P Near	 00000000 FLAT	Length= 00000000 External STDCALL
HeapAlloc  . . . . . . . . . . .	P Near	 00000000 FLAT	Length= 00000000 External STDCALL
HeapCreate . . . . . . . . . . .	P Near	 00000000 FLAT	Length= 00000000 External STDCALL
HeapDestroy  . . . . . . . . . .	P Near	 00000000 FLAT	Length= 00000000 External STDCALL
HeapFree . . . . . . . . . . . .	P Near	 00000000 FLAT	Length= 00000000 External STDCALL
HeapSize . . . . . . . . . . . .	P Near	 00000000 FLAT	Length= 00000000 External STDCALL
HoldJob  . . . . . . . . . . . .	P Near	 0000020F _TEXT	Length= 00000035 Public STDCALL
IsDigit  . . . . . . . . . . . .	P Near	 00000000 FLAT	Length= 00000000 External STDCALL
KillJob  . . . . . . . . . . . .	P Near	 00000244 _TEXT	Length= 0000002C Public STDCALL
LoadJob  . . . . . . . . . . . .	P Near	 00000134 _TEXT	Length= 0000009D Public STDCALL
  fullQueue  . . . . . . . . . .	L Near	 000001B1 _TEXT	
  exists . . . . . . . . . . . .	L Near	 000001C1 _TEXT	
LocalFree  . . . . . . . . . . .	P Near	 00000000 FLAT	Length= 00000000 External STDCALL
MessageBoxA  . . . . . . . . . .	P Near	 00000000 FLAT	Length= 00000000 External STDCALL
MsgBoxAsk  . . . . . . . . . . .	P Near	 00000000 FLAT	Length= 00000000 External STDCALL
MsgBox . . . . . . . . . . . . .	P Near	 00000000 FLAT	Length= 00000000 External STDCALL
OpenInputFile  . . . . . . . . .	P Near	 00000000 FLAT	Length= 00000000 External STDCALL
ParseCommand . . . . . . . . . .	P Near	 00000020 _TEXT	Length= 00000114 Public STDCALL
  DoQuit . . . . . . . . . . . .	L Near	 000000F7 _TEXT	
  DoHelp . . . . . . . . . . . .	L Near	 000000FE _TEXT	
  DoShow . . . . . . . . . . . .	L Near	 00000104 _TEXT	
  DoLoad . . . . . . . . . . . .	L Near	 0000010A _TEXT	
  DoRun  . . . . . . . . . . . .	L Near	 00000110 _TEXT	
  DoHold . . . . . . . . . . . .	L Near	 00000116 _TEXT	
  DoKill . . . . . . . . . . . .	L Near	 0000011C _TEXT	
  DoStep . . . . . . . . . . . .	L Near	 00000122 _TEXT	
  DoChange . . . . . . . . . . .	L Near	 00000128 _TEXT	
ParseDecimal32 . . . . . . . . .	P Near	 00000000 FLAT	Length= 00000000 External STDCALL
ParseInteger32 . . . . . . . . .	P Near	 00000000 FLAT	Length= 00000000 External STDCALL
PeekConsoleInputA  . . . . . . .	P Near	 00000000 FLAT	Length= 00000000 External STDCALL
ProcessNextJob . . . . . . . . .	P Near	 00000283 _TEXT	Length= 00000063 Public STDCALL
  findLoop . . . . . . . . . . .	L Near	 00000295 _TEXT	
  next . . . . . . . . . . . . .	L Near	 000002B6 _TEXT	
  done . . . . . . . . . . . . .	L Near	 000002B9 _TEXT	
  exitProc . . . . . . . . . . .	L Near	 000002E5 _TEXT	
  noJob  . . . . . . . . . . . .	L Near	 000002E5 _TEXT	
Random32 . . . . . . . . . . . .	P Near	 00000000 FLAT	Length= 00000000 External STDCALL
RandomRange  . . . . . . . . . .	P Near	 00000000 FLAT	Length= 00000000 External STDCALL
Randomize  . . . . . . . . . . .	P Near	 00000000 FLAT	Length= 00000000 External STDCALL
ReadChar . . . . . . . . . . . .	P Near	 00000000 FLAT	Length= 00000000 External STDCALL
ReadConsoleA . . . . . . . . . .	P Near	 00000000 FLAT	Length= 00000000 External STDCALL
ReadConsoleInputA  . . . . . . .	P Near	 00000000 FLAT	Length= 00000000 External STDCALL
ReadDec  . . . . . . . . . . . .	P Near	 00000000 FLAT	Length= 00000000 External STDCALL
ReadFile . . . . . . . . . . . .	P Near	 00000000 FLAT	Length= 00000000 External STDCALL
ReadFloat  . . . . . . . . . . .	P Near	 00000000 FLAT	Length= 00000000 External STDCALL
ReadFromFile . . . . . . . . . .	P Near	 00000000 FLAT	Length= 00000000 External STDCALL
ReadHex  . . . . . . . . . . . .	P Near	 00000000 FLAT	Length= 00000000 External STDCALL
ReadInt  . . . . . . . . . . . .	P Near	 00000000 FLAT	Length= 00000000 External STDCALL
ReadKeyFlush . . . . . . . . . .	P Near	 00000000 FLAT	Length= 00000000 External STDCALL
ReadKey  . . . . . . . . . . . .	P Near	 00000000 FLAT	Length= 00000000 External STDCALL
ReadString . . . . . . . . . . .	P Near	 00000000 FLAT	Length= 00000000 External STDCALL
RemoveJobIndex . . . . . . . . .	P Near	 00000311 _TEXT	Length= 00000007 Public STDCALL
RunJob . . . . . . . . . . . . .	P Near	 000001D1 _TEXT	Length= 0000003E Public STDCALL
  notFound . . . . . . . . . . .	L Near	 000001FF _TEXT	
SetConsoleCursorInfo . . . . . .	P Near	 00000000 FLAT	Length= 00000000 External STDCALL
SetConsoleCursorPosition . . . .	P Near	 00000000 FLAT	Length= 00000000 External STDCALL
SetConsoleMode . . . . . . . . .	P Near	 00000000 FLAT	Length= 00000000 External STDCALL
SetConsoleScreenBufferSize . . .	P Near	 00000000 FLAT	Length= 00000000 External STDCALL
SetConsoleTextAttribute  . . . .	P Near	 00000000 FLAT	Length= 00000000 External STDCALL
SetConsoleTitleA . . . . . . . .	P Near	 00000000 FLAT	Length= 00000000 External STDCALL
SetConsoleWindowInfo . . . . . .	P Near	 00000000 FLAT	Length= 00000000 External STDCALL
SetFilePointer . . . . . . . . .	P Near	 00000000 FLAT	Length= 00000000 External STDCALL
SetLocalTime . . . . . . . . . .	P Near	 00000000 FLAT	Length= 00000000 External STDCALL
SetTextColor . . . . . . . . . .	P Near	 00000000 FLAT	Length= 00000000 External STDCALL
ShowFPUStack . . . . . . . . . .	P Near	 00000000 FLAT	Length= 00000000 External STDCALL
ShowHelp . . . . . . . . . . . .	P Near	 00000318 _TEXT	Length= 00000010 Public STDCALL
ShowJobs . . . . . . . . . . . .	P Near	 000002E6 _TEXT	Length= 0000002B Public STDCALL
  showLoop . . . . . . . . . . .	L Near	 000002F1 _TEXT	
  done . . . . . . . . . . . . .	L Near	 00000310 _TEXT	
Sleep  . . . . . . . . . . . . .	P Near	 00000000 FLAT	Length= 00000000 External STDCALL
StepSystem . . . . . . . . . . .	P Near	 00000270 _TEXT	Length= 00000013 Public STDCALL
  stepLoop . . . . . . . . . . .	L Near	 00000275 _TEXT	
StrLength  . . . . . . . . . . .	P Near	 00000000 FLAT	Length= 00000000 External STDCALL
Str_compare  . . . . . . . . . .	P Near	 00000000 FLAT	Length= 00000000 External STDCALL
Str_copy . . . . . . . . . . . .	P Near	 00000000 FLAT	Length= 00000000 External STDCALL
Str_length . . . . . . . . . . .	P Near	 00000000 FLAT	Length= 00000000 External STDCALL
Str_trim . . . . . . . . . . . .	P Near	 00000000 FLAT	Length= 00000000 External STDCALL
Str_ucase  . . . . . . . . . . .	P Near	 00000000 FLAT	Length= 00000000 External STDCALL
SystemTimeToFileTime . . . . . .	P Near	 00000000 FLAT	Length= 00000000 External STDCALL
WaitMsg  . . . . . . . . . . . .	P Near	 00000000 FLAT	Length= 00000000 External STDCALL
WriteBinB  . . . . . . . . . . .	P Near	 00000000 FLAT	Length= 00000000 External STDCALL
WriteBin . . . . . . . . . . . .	P Near	 00000000 FLAT	Length= 00000000 External STDCALL
WriteChar  . . . . . . . . . . .	P Near	 00000000 FLAT	Length= 00000000 External STDCALL
WriteConsoleA  . . . . . . . . .	P Near	 00000000 FLAT	Length= 00000000 External STDCALL
WriteConsoleOutputAttribute  . .	P Near	 00000000 FLAT	Length= 00000000 External STDCALL
WriteConsoleOutputCharacterA . .	P Near	 00000000 FLAT	Length= 00000000 External STDCALL
WriteDec . . . . . . . . . . . .	P Near	 00000000 FLAT	Length= 00000000 External STDCALL
WriteFile  . . . . . . . . . . .	P Near	 00000000 FLAT	Length= 00000000 External STDCALL
WriteFloat . . . . . . . . . . .	P Near	 00000000 FLAT	Length= 00000000 External STDCALL
WriteHexB  . . . . . . . . . . .	P Near	 00000000 FLAT	Length= 00000000 External STDCALL
WriteHex . . . . . . . . . . . .	P Near	 00000000 FLAT	Length= 00000000 External STDCALL
WriteInt . . . . . . . . . . . .	P Near	 00000000 FLAT	Length= 00000000 External STDCALL
WriteStackFrameName  . . . . . .	P Near	 00000000 FLAT	Length= 00000000 External STDCALL
WriteStackFrame  . . . . . . . .	P Near	 00000000 FLAT	Length= 00000000 External STDCALL
WriteString  . . . . . . . . . .	P Near	 00000000 FLAT	Length= 00000000 External STDCALL
WriteToFile  . . . . . . . . . .	P Near	 00000000 FLAT	Length= 00000000 External STDCALL
WriteWindowsMsg  . . . . . . . .	P Near	 00000000 FLAT	Length= 00000000 External STDCALL
main . . . . . . . . . . . . . .	P Near	 00000000 _TEXT	Length= 00000020 Public STDCALL
  mainLoop . . . . . . . . . . .	L Near	 00000000 _TEXT	
printf . . . . . . . . . . . . .	P Near	 00000000 FLAT	Length= 00000000 External C
scanf  . . . . . . . . . . . . .	P Near	 00000000 FLAT	Length= 00000000 External C
wsprintfA  . . . . . . . . . . .	P Near	 00000000 FLAT	Length= 00000000 External C


Symbols:

                N a m e                 Type     Value    Attr

@CodeSize  . . . . . . . . . . .	Number	 00000000h   
@DataSize  . . . . . . . . . . .	Number	 00000000h   
@Interface . . . . . . . . . . .	Number	 00000003h   
@Model . . . . . . . . . . . . .	Number	 00000007h   
@code  . . . . . . . . . . . . .	Text   	 _TEXT
@data  . . . . . . . . . . . . .	Text   	 FLAT
@fardata?  . . . . . . . . . . .	Text   	 FLAT
@fardata . . . . . . . . . . . .	Text   	 FLAT
@stack . . . . . . . . . . . . .	Text   	 FLAT
ALT_MASK . . . . . . . . . . . .	Number	 00000003h   
CAPSLOCK_ON  . . . . . . . . . .	Number	 00000080h   
CREATE_ALWAYS  . . . . . . . . .	Number	 00000002h   
CREATE_NEW . . . . . . . . . . .	Number	 00000001h   
CTRL_MASK  . . . . . . . . . . .	Number	 0000000Ch   
CreateFile . . . . . . . . . . .	Text   	 CreateFileA
DO_NOT_SHARE . . . . . . . . . .	Number	 00000000h   
ENABLE_ECHO_INPUT  . . . . . . .	Number	 00000004h   
ENABLE_LINE_INPUT  . . . . . . .	Number	 00000002h   
ENABLE_MOUSE_INPUT . . . . . . .	Number	 00000010h   
ENABLE_PROCESSED_INPUT . . . . .	Number	 00000001h   
ENABLE_PROCESSED_OUTPUT  . . . .	Number	 00000001h   
ENABLE_WINDOW_INPUT  . . . . . .	Number	 00000008h   
ENABLE_WRAP_AT_EOL_OUTPUT  . . .	Number	 00000002h   
ENHANCED_KEY . . . . . . . . . .	Number	 00000100h   
FALSE  . . . . . . . . . . . . .	Number	 00000000h   
FILE_APPEND_DATA . . . . . . . .	Number	 00000004h   
FILE_ATTRIBUTE_ARCHIVE . . . . .	Number	 00000020h   
FILE_ATTRIBUTE_COMPRESSED  . . .	Number	 00000800h   
FILE_ATTRIBUTE_DEVICE  . . . . .	Number	 00000040h   
FILE_ATTRIBUTE_DIRECTORY . . . .	Number	 00000010h   
FILE_ATTRIBUTE_ENCRYPTED . . . .	Number	 00004000h   
FILE_ATTRIBUTE_HIDDEN  . . . . .	Number	 00000002h   
FILE_ATTRIBUTE_NORMAL  . . . . .	Number	 00000080h   
FILE_ATTRIBUTE_NOT_CONTENT_INDEXED .	Number	 00002000h   
FILE_ATTRIBUTE_OFFLINE . . . . .	Number	 00001000h   
FILE_ATTRIBUTE_READONLY  . . . .	Number	 00000001h   
FILE_ATTRIBUTE_REPARSE_POINT . .	Number	 00000400h   
FILE_ATTRIBUTE_SPARSE_FILE . . .	Number	 00000200h   
FILE_ATTRIBUTE_SYSTEM  . . . . .	Number	 00000004h   
FILE_ATTRIBUTE_TEMPORARY . . . .	Number	 00000100h   
FILE_BEGIN . . . . . . . . . . .	Number	 00000000h   
FILE_CURRENT . . . . . . . . . .	Number	 00000001h   
FILE_DELETE_CHILD  . . . . . . .	Number	 00000040h   
FILE_END . . . . . . . . . . . .	Number	 00000002h   
FILE_READ_DATA . . . . . . . . .	Number	 00000001h   
FILE_SHARE_DELETE  . . . . . . .	Number	 00000004h   
FILE_SHARE_READ  . . . . . . . .	Number	 00000001h   
FILE_SHARE_WRITE . . . . . . . .	Number	 00000002h   
FILE_WRITE_DATA  . . . . . . . .	Number	 00000002h   
FOCUS_EVENT  . . . . . . . . . .	Number	 00000010h   
FORMAT_MESSAGE_ALLOCATE_BUFFER .	Number	 00000100h   
FORMAT_MESSAGE_FROM_SYSTEM . . .	Number	 00001000h   
FormatMessage  . . . . . . . . .	Text   	 FormatMessageA
GENERIC_ALL  . . . . . . . . . .	Number	 10000000h   
GENERIC_EXECUTE  . . . . . . . .	Number	 20000000h   
GENERIC_READ . . . . . . . . . .	Number	 -80000000h   
GENERIC_WRITE  . . . . . . . . .	Number	 40000000h   
GetCommandLine . . . . . . . . .	Text   	 GetCommandLineA
HANDLE . . . . . . . . . . . . .	Text   	 DWORD
HEAP_GENERATE_EXCEPTIONS . . . .	Number	 00000004h   
HEAP_GROWABLE  . . . . . . . . .	Number	 00000002h   
HEAP_NO_SERIALIZE  . . . . . . .	Number	 00000001h   
HEAP_REALLOC_IN_PLACE_ONLY . . .	Number	 00000010h   
HEAP_ZERO_MEMORY . . . . . . . .	Number	 00000008h   
IDABORT  . . . . . . . . . . . .	Number	 00000003h   
IDCANCEL . . . . . . . . . . . .	Number	 00000002h   
IDCLOSE  . . . . . . . . . . . .	Number	 00000008h   
IDCONTINUE . . . . . . . . . . .	Number	 0000000Bh   
IDHELP . . . . . . . . . . . . .	Number	 00000009h   
IDIGNORE . . . . . . . . . . . .	Number	 00000005h   
IDNO . . . . . . . . . . . . . .	Number	 00000007h   
IDOK . . . . . . . . . . . . . .	Number	 00000001h   
IDRETRY  . . . . . . . . . . . .	Number	 00000004h   
IDTIMEOUT  . . . . . . . . . . .	Number	 00007D00h   
IDTRYAGAIN . . . . . . . . . . .	Number	 0000000Ah   
IDYES  . . . . . . . . . . . . .	Number	 00000006h   
INVALID_HANDLE_VALUE . . . . . .	Number	 -00000001h   
JLoadTime  . . . . . . . . . . .	Number	 0000000Ch   
JName  . . . . . . . . . . . . .	Number	 00000000h   
JPriority  . . . . . . . . . . .	Number	 00000008h   
JRunTime . . . . . . . . . . . .	Number	 0000000Ah   
JStatus  . . . . . . . . . . . .	Number	 00000009h   
JobAvailable . . . . . . . . . .	Number	 00000000h   
JobHold  . . . . . . . . . . . .	Number	 00000002h   
JobRun . . . . . . . . . . . . .	Number	 00000001h   
Jobs . . . . . . . . . . . . . .	Byte	 00000000 _DATA	
KBDOWN_FLAG  . . . . . . . . . .	Number	 00000001h   
KEY_EVENT  . . . . . . . . . . .	Number	 00000001h   
KEY_MASKS  . . . . . . . . . . .	Number	 0000001Fh   
LEFT_ALT_PRESSED . . . . . . . .	Number	 00000002h   
LEFT_CTRL_PRESSED  . . . . . . .	Number	 00000008h   
LowestPriority . . . . . . . . .	Number	 00000007h   
MB_ABORTRETRYIGNORE  . . . . . .	Number	 00000002h   
MB_APPLMODAL . . . . . . . . . .	Number	 00000000h   
MB_CANCELTRYCONTINUE . . . . . .	Number	 00000006h   
MB_DEFBUTTON1  . . . . . . . . .	Number	 00000000h   
MB_DEFBUTTON2  . . . . . . . . .	Number	 00000100h   
MB_DEFBUTTON3  . . . . . . . . .	Number	 00000200h   
MB_DEFBUTTON4  . . . . . . . . .	Number	 00000300h   
MB_HELP  . . . . . . . . . . . .	Number	 00004000h   
MB_ICONASTERISK  . . . . . . . .	Number	 00000040h   
MB_ICONERROR . . . . . . . . . .	Number	 00000010h   
MB_ICONEXCLAMATION . . . . . . .	Number	 00000030h   
MB_ICONHAND  . . . . . . . . . .	Number	 00000010h   
MB_ICONINFORMATION . . . . . . .	Number	 00000040h   
MB_ICONQUESTION  . . . . . . . .	Number	 00000020h   
MB_ICONSTOP  . . . . . . . . . .	Number	 00000010h   
MB_ICONWARNING . . . . . . . . .	Number	 00000030h   
MB_OKCANCEL  . . . . . . . . . .	Number	 00000001h   
MB_OK  . . . . . . . . . . . . .	Number	 00000000h   
MB_RETRYCANCEL . . . . . . . . .	Number	 00000005h   
MB_SYSTEMMODAL . . . . . . . . .	Number	 00001000h   
MB_TASKMODAL . . . . . . . . . .	Number	 00002000h   
MB_USERICON  . . . . . . . . . .	Number	 00000080h   
MB_YESNOCANCEL . . . . . . . . .	Number	 00000003h   
MB_YESNO . . . . . . . . . . . .	Number	 00000004h   
MENU_EVENT . . . . . . . . . . .	Number	 00000008h   
MOUSE_EVENT  . . . . . . . . . .	Number	 00000002h   
MessageBox . . . . . . . . . . .	Text   	 MessageBoxA
NULL . . . . . . . . . . . . . .	Number	 00000000h   
NUMLOCK_ON . . . . . . . . . . .	Number	 00000020h   
NumberOfJobs . . . . . . . . . .	Number	 0000000Ah   
OPEN_ALWAYS  . . . . . . . . . .	Number	 00000004h   
OPEN_EXISTING  . . . . . . . . .	Number	 00000003h   
PeekConsoleInput . . . . . . . .	Text   	 PeekConsoleInputA
RIGHT_ALT_PRESSED  . . . . . . .	Number	 00000001h   
RIGHT_CTRL_PRESSED . . . . . . .	Number	 00000004h   
ReadConsoleInput . . . . . . . .	Text   	 ReadConsoleInputA
ReadConsole  . . . . . . . . . .	Text   	 ReadConsoleA
SCROLLLOCK_ON  . . . . . . . . .	Number	 00000040h   
SHIFT_MASK . . . . . . . . . . .	Number	 00000010h   
SHIFT_PRESSED  . . . . . . . . .	Number	 00000010h   
STD_ERROR_HANDLE . . . . . . . .	Number	 -0000000Ch   
STD_INPUT_HANDLE . . . . . . . .	Number	 -0000000Ah   
STD_OUTPUT_HANDLE  . . . . . . .	Number	 -0000000Bh   
SetConsoleTitle  . . . . . . . .	Text   	 SetConsoleTitleA
SizeOfJob  . . . . . . . . . . .	Number	 0000000Eh   
TAB  . . . . . . . . . . . . . .	Number	 00000009h   
TRUE . . . . . . . . . . . . . .	Number	 00000001h   
TRUNCATE_EXISTING  . . . . . . .	Number	 00000005h   
VK_11  . . . . . . . . . . . . .	Number	 000000BDh   
VK_12  . . . . . . . . . . . . .	Number	 000000BBh   
VK_ADD . . . . . . . . . . . . .	Number	 0000006Bh   
VK_BACK  . . . . . . . . . . . .	Number	 00000008h   
VK_CANCEL  . . . . . . . . . . .	Number	 00000003h   
VK_CAPITAL . . . . . . . . . . .	Number	 00000014h   
VK_CLEAR . . . . . . . . . . . .	Number	 0000000Ch   
VK_CONTROL . . . . . . . . . . .	Number	 00000011h   
VK_DECIMAL . . . . . . . . . . .	Number	 0000006Eh   
VK_DELETE  . . . . . . . . . . .	Number	 0000002Eh   
VK_DIVIDE  . . . . . . . . . . .	Number	 0000006Fh   
VK_DOWN  . . . . . . . . . . . .	Number	 00000028h   
VK_END . . . . . . . . . . . . .	Number	 00000023h   
VK_ESCAPE  . . . . . . . . . . .	Number	 0000001Bh   
VK_EXECUTE . . . . . . . . . . .	Number	 0000002Bh   
VK_F10 . . . . . . . . . . . . .	Number	 00000079h   
VK_F11 . . . . . . . . . . . . .	Number	 0000007Ah   
VK_F12 . . . . . . . . . . . . .	Number	 0000007Bh   
VK_F13 . . . . . . . . . . . . .	Number	 0000007Ch   
VK_F14 . . . . . . . . . . . . .	Number	 0000007Dh   
VK_F15 . . . . . . . . . . . . .	Number	 0000007Eh   
VK_F16 . . . . . . . . . . . . .	Number	 0000007Fh   
VK_F17 . . . . . . . . . . . . .	Number	 00000080h   
VK_F18 . . . . . . . . . . . . .	Number	 00000081h   
VK_F19 . . . . . . . . . . . . .	Number	 00000082h   
VK_F1  . . . . . . . . . . . . .	Number	 00000070h   
VK_F20 . . . . . . . . . . . . .	Number	 00000083h   
VK_F21 . . . . . . . . . . . . .	Number	 00000084h   
VK_F22 . . . . . . . . . . . . .	Number	 00000085h   
VK_F23 . . . . . . . . . . . . .	Number	 00000086h   
VK_F24 . . . . . . . . . . . . .	Number	 00000087h   
VK_F2  . . . . . . . . . . . . .	Number	 00000071h   
VK_F3  . . . . . . . . . . . . .	Number	 00000072h   
VK_F4  . . . . . . . . . . . . .	Number	 00000073h   
VK_F5  . . . . . . . . . . . . .	Number	 00000074h   
VK_F6  . . . . . . . . . . . . .	Number	 00000075h   
VK_F7  . . . . . . . . . . . . .	Number	 00000076h   
VK_F8  . . . . . . . . . . . . .	Number	 00000077h   
VK_F9  . . . . . . . . . . . . .	Number	 00000078h   
VK_HELP  . . . . . . . . . . . .	Number	 0000002Fh   
VK_HOME  . . . . . . . . . . . .	Number	 00000024h   
VK_INSERT  . . . . . . . . . . .	Number	 0000002Dh   
VK_LBUTTON . . . . . . . . . . .	Number	 00000001h   
VK_LCONTROL  . . . . . . . . . .	Number	 000000A2h   
VK_LEFT  . . . . . . . . . . . .	Number	 00000025h   
VK_LMENU . . . . . . . . . . . .	Number	 000000A4h   
VK_LSHIFT  . . . . . . . . . . .	Number	 000000A0h   
VK_MENU  . . . . . . . . . . . .	Number	 00000012h   
VK_MULTIPLY  . . . . . . . . . .	Number	 0000006Ah   
VK_NEXT  . . . . . . . . . . . .	Number	 00000022h   
VK_NUMLOCK . . . . . . . . . . .	Number	 00000090h   
VK_NUMPAD0 . . . . . . . . . . .	Number	 00000060h   
VK_NUMPAD1 . . . . . . . . . . .	Number	 00000061h   
VK_NUMPAD2 . . . . . . . . . . .	Number	 00000062h   
VK_NUMPAD3 . . . . . . . . . . .	Number	 00000063h   
VK_NUMPAD4 . . . . . . . . . . .	Number	 00000064h   
VK_NUMPAD5 . . . . . . . . . . .	Number	 00000065h   
VK_NUMPAD6 . . . . . . . . . . .	Number	 00000066h   
VK_NUMPAD7 . . . . . . . . . . .	Number	 00000067h   
VK_NUMPAD8 . . . . . . . . . . .	Number	 00000068h   
VK_NUMPAD9 . . . . . . . . . . .	Number	 00000069h   
VK_PAUSE . . . . . . . . . . . .	Number	 00000013h   
VK_PRINT . . . . . . . . . . . .	Number	 0000002Ah   
VK_PRIOR . . . . . . . . . . . .	Number	 00000021h   
VK_RBUTTON . . . . . . . . . . .	Number	 00000002h   
VK_RCONTROL  . . . . . . . . . .	Number	 000000A3h   
VK_RETURN  . . . . . . . . . . .	Number	 0000000Dh   
VK_RIGHT . . . . . . . . . . . .	Number	 00000027h   
VK_RMENU . . . . . . . . . . . .	Number	 000000A5h   
VK_RSHIFT  . . . . . . . . . . .	Number	 000000A1h   
VK_SCROLL  . . . . . . . . . . .	Number	 00000091h   
VK_SEPARATER . . . . . . . . . .	Number	 0000006Ch   
VK_SHIFT . . . . . . . . . . . .	Number	 00000010h   
VK_SNAPSHOT  . . . . . . . . . .	Number	 0000002Ch   
VK_SPACE . . . . . . . . . . . .	Number	 00000020h   
VK_SUBTRACT  . . . . . . . . . .	Number	 0000006Dh   
VK_TAB . . . . . . . . . . . . .	Number	 00000009h   
VK_UP  . . . . . . . . . . . . .	Number	 00000026h   
WINDOW_BUFFER_SIZE_EVENT . . . .	Number	 00000004h   
WriteConsoleOutputCharacter  . .	Text   	 WriteConsoleOutputCharacterA
WriteConsole . . . . . . . . . .	Text   	 WriteConsoleA
black  . . . . . . . . . . . . .	Number	 00000000h   
blue . . . . . . . . . . . . . .	Number	 00000001h   
brown  . . . . . . . . . . . . .	Number	 00000006h   
buffer . . . . . . . . . . . . .	Byte	 00000094 _DATA	
cmdChange  . . . . . . . . . . .	Byte	 000000FB _DATA	
cmdHelp  . . . . . . . . . . . .	Byte	 000000D9 _DATA	
cmdHold  . . . . . . . . . . . .	Byte	 000000EC _DATA	
cmdKill  . . . . . . . . . . . .	Byte	 000000F1 _DATA	
cmdLoad  . . . . . . . . . . . .	Byte	 000000E3 _DATA	
cmdQuit  . . . . . . . . . . . .	Byte	 000000D4 _DATA	
cmdRun . . . . . . . . . . . . .	Byte	 000000E8 _DATA	
cmdShow  . . . . . . . . . . . .	Byte	 000000DE _DATA	
cmdStep  . . . . . . . . . . . .	Byte	 000000F6 _DATA	
cyan . . . . . . . . . . . . . .	Number	 00000003h   
exit . . . . . . . . . . . . . .	Text   	 INVOKE ExitProcess,0
gray . . . . . . . . . . . . . .	Number	 00000008h   
green  . . . . . . . . . . . . .	Number	 00000002h   
jobCount . . . . . . . . . . . .	DWord	 0000008C _DATA	
lightBlue  . . . . . . . . . . .	Number	 00000009h   
lightCyan  . . . . . . . . . . .	Number	 0000000Bh   
lightGray  . . . . . . . . . . .	Number	 00000007h   
lightGreen . . . . . . . . . . .	Number	 0000000Ah   
lightMagenta . . . . . . . . . .	Number	 0000000Dh   
lightRed . . . . . . . . . . . .	Number	 0000000Ch   
magenta  . . . . . . . . . . . .	Number	 00000005h   
msgDone  . . . . . . . . . . . .	Byte	 000001AB _DATA	
msgExists  . . . . . . . . . . .	Byte	 00000159 _DATA	
msgFull  . . . . . . . . . . . .	Byte	 00000149 _DATA	
msgHelp  . . . . . . . . . . . .	Byte	 00000102 _DATA	
msgHolding . . . . . . . . . . .	Byte	 0000019F _DATA	
msgInvalid . . . . . . . . . . .	Byte	 00000139 _DATA	
msgLoaded  . . . . . . . . . . .	Byte	 00000188 _DATA	
msgNotFound  . . . . . . . . . .	Byte	 0000016D _DATA	
msgPrompt  . . . . . . . . . . .	Byte	 00000135 _DATA	
msgRemoved . . . . . . . . . . .	Byte	 0000017C _DATA	
msgRunning . . . . . . . . . . .	Byte	 00000193 _DATA	
red  . . . . . . . . . . . . . .	Number	 00000004h   
sysTime  . . . . . . . . . . . .	DWord	 00000090 _DATA	
white  . . . . . . . . . . . . .	Number	 0000000Fh   
wsprintf . . . . . . . . . . . .	Text   	 wsprintfA
yellow . . . . . . . . . . . . .	Number	 0000000Eh   

	   0 Warnings
	   12 Errors
